#
# There is insufficient memory for the Java Runtime Environment to continue.
# Native memory allocation (malloc) failed to allocate 965056 bytes. Error detail: Chunk::new
# Possible reasons:
#   The system is out of physical RAM or swap space
#   This process is running with CompressedOops enabled, and the Java Heap may be blocking the growth of the native heap
# Possible solutions:
#   Reduce memory load on the system
#   Increase physical memory or swap space
#   Check if swap backing store is full
#   Decrease Java heap size (-Xmx/-Xms)
#   Decrease number of Java threads
#   Decrease Java thread stack sizes (-Xss)
#   Set larger code cache with -XX:ReservedCodeCacheSize=
#   JVM is running with Unscaled Compressed Oops mode in which the Java heap is
#     placed in the first 4GB address space. The Java Heap base address is the
#     maximum limit for the native heap growth. Please use -XX:HeapBaseMinAddress
#     to set the Java Heap base and to place the Java Heap above 4GB virtual address.
# This output file may be truncated or incomplete.
#
#  Out of Memory Error (arena.cpp:168), pid=11024, tid=7660
#
# JRE version: OpenJDK Runtime Environment Temurin-21.0.11+10 (21.0.11+10) (build 21.0.11+10-LTS)
# Java VM: OpenJDK 64-Bit Server VM Temurin-21.0.11+10 (21.0.11+10-LTS, mixed mode, sharing, tiered, compressed oops, compressed class ptrs, g1 gc, windows-amd64)
# No core dump will be written. Minidumps are not enabled by default on client versions of Windows
#

---------------  S U M M A R Y ------------

Command Line: --add-opens=java.base/java.lang=ALL-UNNAMED --add-opens=java.base/java.lang.invoke=ALL-UNNAMED --add-opens=java.base/java.util=ALL-UNNAMED --add-opens=java.prefs/java.util.prefs=ALL-UNNAMED --add-exports=jdk.compiler/com.sun.tools.javac.api=ALL-UNNAMED --add-exports=jdk.compiler/com.sun.tools.javac.util=ALL-UNNAMED --add-opens=java.base/java.util=ALL-UNNAMED --add-opens=java.prefs/java.util.prefs=ALL-UNNAMED --add-opens=java.base/java.nio.charset=ALL-UNNAMED --add-opens=java.base/java.net=ALL-UNNAMED --add-opens=java.base/java.util.concurrent.atomic=ALL-UNNAMED --add-opens=java.xml/javax.xml.namespace=ALL-UNNAMED -Xmx1536m -Dfile.encoding=UTF-8 -Duser.country=ID -Duser.language=en -Duser.variant -javaagent:C:\Users\NukamiZe\.gradle\wrapper\dists\gradle-8.14.3-all\10utluxaxniiv4wxiphsi49nj\gradle-8.14.3\lib\agents\gradle-instrumentation-agent-8.14.3.jar org.gradle.launcher.daemon.bootstrap.GradleDaemon 8.14.3

Host: Intel(R) Core(TM) i3-7020U CPU @ 2.30GHz, 4 cores, 7G,  Windows 10 , 64 bit Build 19041 (10.0.19041.5915)
Time: Mon Aug  3 12:17:54 2026 SE Asia Standard Time elapsed time: 139.387527 seconds (0d 0h 2m 19s)

---------------  T H R E A D  ---------------

Current thread (0x0000016cec97c4e0):  JavaThread "C2 CompilerThread0" daemon [_thread_in_native, id=7660, stack(0x000000261cf00000,0x000000261d000000) (1024K)]


Current CompileTask:
C2:139387 14022       4       org.gradle.internal.reflect.annotations.impl.DefaultTypeAnnotationMetadataStore$HasAnnotationMetadataBuilder::resolveAnnotations (142 bytes)

Stack: [0x000000261cf00000,0x000000261d000000]
Native frames: (J=compiled Java code, j=interpreted, Vv=VM code, C=native code)
V  [jvm.dll+0x6d7e19]
V  [jvm.dll+0x8b5096]
V  [jvm.dll+0x8b764e]
V  [jvm.dll+0x8b7d33]
V  [jvm.dll+0x284596]
V  [jvm.dll+0xc685d]
V  [jvm.dll+0xc6da1]
V  [jvm.dll+0x2fb4ee]
V  [jvm.dll+0x5fe9a4]
V  [jvm.dll+0x255d67]
V  [jvm.dll+0x24e3bf]
V  [jvm.dll+0x24bbe6]
V  [jvm.dll+0x1cb4ae]
V  [jvm.dll+0x25baad]
V  [jvm.dll+0x25a03a]
V  [jvm.dll+0x3f868e]
V  [jvm.dll+0x85fb0d]
V  [jvm.dll+0x6d664d]
C  [ucrtbase.dll+0x21bb2]
C  [KERNEL32.DLL+0x17374]
C  [ntdll.dll+0x4cc91]


---------------  P R O C E S S  ---------------

Threads class SMR info:
_java_thread_list=0x0000016cf2a51990, length=54, elements={
0x0000016cd64c1bb0, 0x0000016cec96e310, 0x0000016cec96f3e0, 0x0000016cec973300,
0x0000016cec9751a0, 0x0000016cec976550, 0x0000016cec978640, 0x0000016cec97c4e0,
0x0000016cec97fc90, 0x0000016cecb980f0, 0x0000016cecc4b3f0, 0x0000016cf24d82c0,
0x0000016cf2784d10, 0x0000016cf25c7ad0, 0x0000016cf258c590, 0x0000016cf26945b0,
0x0000016cf26917c0, 0x0000016cf2691130, 0x0000016cf2693f20, 0x0000016cf36a3ba0,
0x0000016cf36a8a60, 0x0000016cf36a27f0, 0x0000016cf36a90f0, 0x0000016cf36a4230,
0x0000016cf36a3510, 0x0000016cf36a55e0, 0x0000016cf36a7d40, 0x0000016cf58d9830,
0x0000016cf5a50740, 0x0000016cf5a4f390, 0x0000016cf5a50dd0, 0x0000016cf43d01a0,
0x0000016cf43d5d80, 0x0000016cf43d1550, 0x0000016cf43d1be0, 0x0000016cf43d2270,
0x0000016cf43d3620, 0x0000016cf43d49d0, 0x0000016cf43cedf0, 0x0000016cf43d6410,
0x0000016cf43cf480, 0x0000016cf5a548e0, 0x0000016cf5a51af0, 0x0000016cf5a51460,
0x0000016cf5a52180, 0x0000016cf5a52ea0, 0x0000016cf5a53530, 0x0000016cf5a53bc0,
0x0000016cf5a54250, 0x0000016cf5a500b0, 0x0000016cf5a54f70, 0x0000016cf5a4dfe0,
0x0000016cf5a55600, 0x0000016cf36a48c0
}

Java Threads: ( => current thread )
  0x0000016cd64c1bb0 JavaThread "main"                              [_thread_blocked, id=3192, stack(0x000000261c000000,0x000000261c100000) (1024K)]
  0x0000016cec96e310 JavaThread "Reference Handler"          daemon [_thread_blocked, id=14096, stack(0x000000261c900000,0x000000261ca00000) (1024K)]
  0x0000016cec96f3e0 JavaThread "Finalizer"                  daemon [_thread_blocked, id=3076, stack(0x000000261ca00000,0x000000261cb00000) (1024K)]
  0x0000016cec973300 JavaThread "Signal Dispatcher"          daemon [_thread_blocked, id=8604, stack(0x000000261cb00000,0x000000261cc00000) (1024K)]
  0x0000016cec9751a0 JavaThread "Attach Listener"            daemon [_thread_blocked, id=8756, stack(0x000000261cc00000,0x000000261cd00000) (1024K)]
  0x0000016cec976550 JavaThread "Service Thread"             daemon [_thread_blocked, id=2456, stack(0x000000261cd00000,0x000000261ce00000) (1024K)]
  0x0000016cec978640 JavaThread "Monitor Deflation Thread"   daemon [_thread_blocked, id=2760, stack(0x000000261ce00000,0x000000261cf00000) (1024K)]
=>0x0000016cec97c4e0 JavaThread "C2 CompilerThread0"         daemon [_thread_in_native, id=7660, stack(0x000000261cf00000,0x000000261d000000) (1024K)]
  0x0000016cec97fc90 JavaThread "C1 CompilerThread0"         daemon [_thread_blocked, id=1444, stack(0x000000261d000000,0x000000261d100000) (1024K)]
  0x0000016cecb980f0 JavaThread "Common-Cleaner"             daemon [_thread_blocked, id=4700, stack(0x000000261d100000,0x000000261d200000) (1024K)]
  0x0000016cecc4b3f0 JavaThread "Notification Thread"        daemon [_thread_blocked, id=9600, stack(0x000000261d200000,0x000000261d300000) (1024K)]
  0x0000016cf24d82c0 JavaThread "Daemon health stats"               [_thread_blocked, id=14140, stack(0x000000261d700000,0x000000261d800000) (1024K)]
  0x0000016cf2784d10 JavaThread "Incoming local TCP Connector on port 39632"        [_thread_in_native, id=3956, stack(0x000000261d500000,0x000000261d600000) (1024K)]
  0x0000016cf25c7ad0 JavaThread "Daemon periodic checks"            [_thread_blocked, id=9640, stack(0x000000261d800000,0x000000261d900000) (1024K)]
  0x0000016cf258c590 JavaThread "Daemon"                            [_thread_blocked, id=6784, stack(0x000000261d900000,0x000000261da00000) (1024K)]
  0x0000016cf26945b0 JavaThread "Daemon worker"                     [_thread_in_vm, id=9916, stack(0x000000261dc00000,0x000000261dd00000) (1024K)]
  0x0000016cf26917c0 JavaThread "Cache worker for journal cache (C:\Users\NukamiZe\.gradle\caches\journal-1)"        [_thread_blocked, id=11412, stack(0x000000261e000000,0x000000261e100000) (1024K)]
  0x0000016cf2691130 JavaThread "File lock request listener"        [_thread_in_native, id=8164, stack(0x000000261e100000,0x000000261e200000) (1024K)]
  0x0000016cf2693f20 JavaThread "Cache worker for file hash cache (C:\Users\NukamiZe\.gradle\caches\8.14.3\fileHashes)"        [_thread_blocked, id=8864, stack(0x000000261e300000,0x000000261e400000) (1024K)]
  0x0000016cf36a3ba0 JavaThread "File lock release action executor"        [_thread_blocked, id=12968, stack(0x000000261e500000,0x000000261e600000) (1024K)]
  0x0000016cf36a8a60 JavaThread "File watcher server"        daemon [_thread_in_native, id=8288, stack(0x000000261e700000,0x000000261e800000) (1024K)]
  0x0000016cf36a27f0 JavaThread "File watcher consumer"      daemon [_thread_blocked, id=7672, stack(0x000000261e800000,0x000000261e900000) (1024K)]
  0x0000016cf36a90f0 JavaThread "jar transforms"                    [_thread_blocked, id=10192, stack(0x000000261e600000,0x000000261e700000) (1024K)]
  0x0000016cf36a4230 JavaThread "jar transforms Thread 2"           [_thread_blocked, id=2200, stack(0x000000261e900000,0x000000261ea00000) (1024K)]
  0x0000016cf36a3510 JavaThread "Cache worker for file content cache (C:\Users\NukamiZe\.gradle\caches\8.14.3\fileContent)"        [_thread_blocked, id=264, stack(0x000000261ec00000,0x000000261ed00000) (1024K)]
  0x0000016cf36a55e0 JavaThread "jar transforms Thread 3"           [_thread_blocked, id=11896, stack(0x000000261ea00000,0x000000261eb00000) (1024K)]
  0x0000016cf36a7d40 JavaThread "jar transforms Thread 4"           [_thread_blocked, id=6028, stack(0x000000261ed00000,0x000000261ee00000) (1024K)]
  0x0000016cf58d9830 JavaThread "Memory manager"                    [_thread_blocked, id=10220, stack(0x000000261be00000,0x000000261bf00000) (1024K)]
  0x0000016cf5a50740 JavaThread "pool-3-thread-1"                   [_thread_blocked, id=3640, stack(0x000000261bf00000,0x000000261c000000) (1024K)]
  0x0000016cf5a4f390 JavaThread "included builds"                   [_thread_blocked, id=15288, stack(0x000000261fd00000,0x000000261fe00000) (1024K)]
  0x0000016cf5a50dd0 JavaThread "VFS cleanup"                       [_thread_blocked, id=4076, stack(0x000000261c800000,0x000000261c900000) (1024K)]
  0x0000016cf43d01a0 JavaThread "pool-6-thread-1"                   [_thread_blocked, id=9104, stack(0x000000261fb00000,0x000000261fc00000) (1024K)]
  0x0000016cf43d5d80 JavaThread "included builds"                   [_thread_blocked, id=12828, stack(0x000000261fe00000,0x000000261ff00000) (1024K)]
  0x0000016cf43d1550 JavaThread "Handler for socket connection from /127.0.0.1:39632 to /127.0.0.1:39698"        [_thread_in_native, id=2888, stack(0x000000261da00000,0x000000261db00000) (1024K)]
  0x0000016cf43d1be0 JavaThread "Cancel handler"                    [_thread_blocked, id=10640, stack(0x000000261db00000,0x000000261dc00000) (1024K)]
  0x0000016cf43d2270 JavaThread "Asynchronous log dispatcher for DefaultDaemonConnection: socket connection from /127.0.0.1:39632 to /127.0.0.1:39698"        [_thread_blocked, id=11940, stack(0x000000261dd00000,0x000000261de00000) (1024K)]
  0x0000016cf43d3620 JavaThread "Stdin handler"                     [_thread_blocked, id=15044, stack(0x000000261de00000,0x000000261df00000) (1024K)]
  0x0000016cf43d49d0 JavaThread "Daemon client event forwarder"        [_thread_blocked, id=13276, stack(0x000000261df00000,0x000000261e000000) (1024K)]
  0x0000016cf43cedf0 JavaThread "Cache worker for file hash cache (C:\xampp\htdocs\nirwana_hotel_web\android\.gradle\8.14.3\fileHashes)"        [_thread_blocked, id=14748, stack(0x000000261e200000,0x000000261e300000) (1024K)]
  0x0000016cf43d6410 JavaThread "Cache worker for Build Output Cleanup Cache (C:\xampp\htdocs\nirwana_hotel_web\android\.gradle\buildOutputCleanup)"        [_thread_blocked, id=14036, stack(0x000000261e400000,0x000000261e500000) (1024K)]
  0x0000016cf43cf480 JavaThread "Cache worker for checksums cache (C:\xampp\htdocs\nirwana_hotel_web\android\.gradle\8.14.3\checksums)"        [_thread_blocked, id=9032, stack(0x000000261eb00000,0x000000261ec00000) (1024K)]
  0x0000016cf5a548e0 JavaThread "Cache worker for cache directory md-supplier (C:\Users\NukamiZe\.gradle\caches\8.14.3\md-supplier)"        [_thread_blocked, id=5484, stack(0x000000261ee00000,0x000000261ef00000) (1024K)]
  0x0000016cf5a51af0 JavaThread "Cache worker for cache directory md-rule (C:\Users\NukamiZe\.gradle\caches\8.14.3\md-rule)"        [_thread_blocked, id=9992, stack(0x000000261ef00000,0x000000261f000000) (1024K)]
  0x0000016cf5a51460 JavaThread "Problems report writer"            [_thread_blocked, id=1824, stack(0x000000261f100000,0x000000261f200000) (1024K)]
  0x0000016cf5a52180 JavaThread "Unconstrained build operations"        [_thread_blocked, id=7212, stack(0x000000261f200000,0x000000261f300000) (1024K)]
  0x0000016cf5a52ea0 JavaThread "Unconstrained build operations Thread 2"        [_thread_blocked, id=13300, stack(0x000000261f300000,0x000000261f400000) (1024K)]
  0x0000016cf5a53530 JavaThread "Unconstrained build operations Thread 3"        [_thread_blocked, id=4744, stack(0x000000261f400000,0x000000261f500000) (1024K)]
  0x0000016cf5a53bc0 JavaThread "Unconstrained build operations Thread 4"        [_thread_blocked, id=11212, stack(0x000000261f500000,0x000000261f600000) (1024K)]
  0x0000016cf5a54250 JavaThread "Unconstrained build operations Thread 5"        [_thread_blocked, id=9996, stack(0x000000261f600000,0x000000261f700000) (1024K)]
  0x0000016cf5a500b0 JavaThread "Unconstrained build operations Thread 6"        [_thread_blocked, id=9568, stack(0x000000261f700000,0x000000261f800000) (1024K)]
  0x0000016cf5a54f70 JavaThread "Unconstrained build operations Thread 7"        [_thread_blocked, id=7868, stack(0x000000261f800000,0x000000261f900000) (1024K)]
  0x0000016cf5a4dfe0 JavaThread "Unconstrained build operations Thread 8"        [_thread_blocked, id=10512, stack(0x000000261f900000,0x000000261fa00000) (1024K)]
  0x0000016cf5a55600 JavaThread "Unconstrained build operations Thread 9"        [_thread_blocked, id=988, stack(0x000000261fa00000,0x000000261fb00000) (1024K)]
  0x0000016cf36a48c0 JavaThread "pool-9-thread-1"                   [_thread_blocked, id=7492, stack(0x000000261fc00000,0x000000261fd00000) (1024K)]
Total: 54

Other Threads:
  0x0000016cec94f5e0 VMThread "VM Thread"                           [id=14724, stack(0x000000261c700000,0x000000261c800000) (1024K)]
  0x0000016cec941040 WatcherThread "VM Periodic Task Thread"        [id=12372, stack(0x000000261c600000,0x000000261c700000) (1024K)]
  0x0000016cd6508a80 WorkerThread "GC Thread#0"                     [id=12516, stack(0x000000261c100000,0x000000261c200000) (1024K)]
  0x0000016cecdfe7d0 WorkerThread "GC Thread#1"                     [id=12156, stack(0x000000261d300000,0x000000261d400000) (1024K)]
  0x0000016cecdfeb80 WorkerThread "GC Thread#2"                     [id=1584, stack(0x000000261d400000,0x000000261d500000) (1024K)]
  0x0000016cf167d470 WorkerThread "GC Thread#3"                     [id=1440, stack(0x000000261d600000,0x000000261d700000) (1024K)]
  0x0000016cd6516c30 ConcurrentGCThread "G1 Main Marker"            [id=6256, stack(0x000000261c200000,0x000000261c300000) (1024K)]
  0x0000016cd6517ee0 WorkerThread "G1 Conc#0"                       [id=13200, stack(0x000000261c300000,0x000000261c400000) (1024K)]
  0x0000016cd658e0a0 ConcurrentGCThread "G1 Refine#0"               [id=14712, stack(0x000000261c400000,0x000000261c500000) (1024K)]
  0x0000016cec8144c0 ConcurrentGCThread "G1 Service"                [id=3260, stack(0x000000261c500000,0x000000261c600000) (1024K)]
Total: 10

Threads with active compile tasks:
C2 CompilerThread0  139466 14022       4       org.gradle.internal.reflect.annotations.impl.DefaultTypeAnnotationMetadataStore$HasAnnotationMetadataBuilder::resolveAnnotations (142 bytes)
Total: 1

VM state: not at safepoint (normal execution)

VM Mutex/Monitor currently owned by a thread: None

Heap address: 0x00000000a0000000, size: 1536 MB, Compressed Oops mode: 32-bit

CDS archive(s) mapped at: [0x0000016c80000000-0x0000016c80ba0000-0x0000016c80ba0000), size 12189696, SharedBaseAddress: 0x0000016c80000000, ArchiveRelocationMode: 1.
Compressed class space mapped at: 0x0000016c81000000-0x0000016cc1000000, reserved size: 1073741824
Narrow klass base: 0x0000016c80000000, Narrow klass shift: 0, Narrow klass range: 0x100000000

GC Precious Log:
 CardTable entry size: 512
 Card Set container configuration: InlinePtr #cards 5 size 8 Array Of Cards #cards 12 size 40 Howl #buckets 4 coarsen threshold 1843 Howl Bitmap #cards 512 size 80 coarsen threshold 460 Card regions per heap region 1 cards per card region 2048
 CPUs: 4 total, 4 available
 Memory: 8060M
 Large Page Support: Disabled
 NUMA Support: Disabled
 Compressed Oops: Enabled (32-bit)
 Heap Region Size: 1M
 Heap Min Capacity: 8M
 Heap Initial Capacity: 126M
 Heap Max Capacity: 1536M
 Pre-touch: Disabled
 Parallel Workers: 4
 Concurrent Workers: 1
 Concurrent Refinement Workers: 4
 Periodic GC: Disabled

Heap:
 garbage-first heap   total 186368K, used 135579K [0x00000000a0000000, 0x0000000100000000)
  region size 1024K, 28 young (28672K), 7 survivors (7168K)
 Metaspace       used 97952K, committed 100224K, reserved 1179648K
  class space    used 13322K, committed 14400K, reserved 1048576K

Heap Regions: E=young(eden), S=young(survivor), O=old, HS=humongous(starts), HC=humongous(continues), CS=collection set, F=free, TAMS=top-at-mark-start, PB=parsable bottom
|   0|0x00000000a0000000, 0x00000000a0100000, 0x00000000a0100000|100%|HS|  |TAMS 0x00000000a0000000| PB 0x00000000a0000000| Complete 
|   1|0x00000000a0100000, 0x00000000a0200000, 0x00000000a0200000|100%|HC|  |TAMS 0x00000000a0100000| PB 0x00000000a0100000| Complete 
|   2|0x00000000a0200000, 0x00000000a0300000, 0x00000000a0300000|100%|HC|  |TAMS 0x00000000a0200000| PB 0x00000000a0200000| Complete 
|   3|0x00000000a0300000, 0x00000000a0400000, 0x00000000a0400000|100%| O|  |TAMS 0x00000000a0300000| PB 0x00000000a0300000| Untracked 
|   4|0x00000000a0400000, 0x00000000a0500000, 0x00000000a0500000|100%| O|  |TAMS 0x00000000a0400000| PB 0x00000000a0400000| Untracked 
|   5|0x00000000a0500000, 0x00000000a0600000, 0x00000000a0600000|100%| O|  |TAMS 0x00000000a0500000| PB 0x00000000a0500000| Untracked 
|   6|0x00000000a0600000, 0x00000000a0700000, 0x00000000a0700000|100%| O|  |TAMS 0x00000000a0600000| PB 0x00000000a0600000| Untracked 
|   7|0x00000000a0700000, 0x00000000a0800000, 0x00000000a0800000|100%|HS|  |TAMS 0x00000000a0700000| PB 0x00000000a0700000| Complete 
|   8|0x00000000a0800000, 0x00000000a0900000, 0x00000000a0900000|100%| O|  |TAMS 0x00000000a0800000| PB 0x00000000a0800000| Untracked 
|   9|0x00000000a0900000, 0x00000000a0a00000, 0x00000000a0a00000|100%| O|  |TAMS 0x00000000a0900000| PB 0x00000000a0900000| Untracked 
|  10|0x00000000a0a00000, 0x00000000a0b00000, 0x00000000a0b00000|100%| O|  |TAMS 0x00000000a0a00000| PB 0x00000000a0a00000| Untracked 
|  11|0x00000000a0b00000, 0x00000000a0c00000, 0x00000000a0c00000|100%| O|  |TAMS 0x00000000a0b00000| PB 0x00000000a0b00000| Untracked 
|  12|0x00000000a0c00000, 0x00000000a0d00000, 0x00000000a0d00000|100%| O|  |TAMS 0x00000000a0c00000| PB 0x00000000a0c00000| Untracked 
|  13|0x00000000a0d00000, 0x00000000a0e00000, 0x00000000a0e00000|100%| O|  |TAMS 0x00000000a0d00000| PB 0x00000000a0d00000| Untracked 
|  14|0x00000000a0e00000, 0x00000000a0f00000, 0x00000000a0f00000|100%| O|  |TAMS 0x00000000a0e00000| PB 0x00000000a0e00000| Untracked 
|  15|0x00000000a0f00000, 0x00000000a1000000, 0x00000000a1000000|100%| O|  |TAMS 0x00000000a0f00000| PB 0x00000000a0f00000| Untracked 
|  16|0x00000000a1000000, 0x00000000a1100000, 0x00000000a1100000|100%| O|  |TAMS 0x00000000a1000000| PB 0x00000000a1000000| Untracked 
|  17|0x00000000a1100000, 0x00000000a1200000, 0x00000000a1200000|100%| O|  |TAMS 0x00000000a1100000| PB 0x00000000a1100000| Untracked 
|  18|0x00000000a1200000, 0x00000000a1300000, 0x00000000a1300000|100%| O|  |TAMS 0x00000000a1200000| PB 0x00000000a1200000| Untracked 
|  19|0x00000000a1300000, 0x00000000a1400000, 0x00000000a1400000|100%| O|  |TAMS 0x00000000a1300000| PB 0x00000000a1300000| Untracked 
|  20|0x00000000a1400000, 0x00000000a1500000, 0x00000000a1500000|100%| O|  |TAMS 0x00000000a1400000| PB 0x00000000a1400000| Untracked 
|  21|0x00000000a1500000, 0x00000000a1600000, 0x00000000a1600000|100%| O|  |TAMS 0x00000000a1500000| PB 0x00000000a1500000| Untracked 
|  22|0x00000000a1600000, 0x00000000a1700000, 0x00000000a1700000|100%| O|  |TAMS 0x00000000a1600000| PB 0x00000000a1600000| Untracked 
|  23|0x00000000a1700000, 0x00000000a1800000, 0x00000000a1800000|100%| O|  |TAMS 0x00000000a1700000| PB 0x00000000a1700000| Untracked 
|  24|0x00000000a1800000, 0x00000000a1900000, 0x00000000a1900000|100%| O|  |TAMS 0x00000000a1800000| PB 0x00000000a1800000| Untracked 
|  25|0x00000000a1900000, 0x00000000a1a00000, 0x00000000a1a00000|100%| O|  |TAMS 0x00000000a1900000| PB 0x00000000a1900000| Untracked 
|  26|0x00000000a1a00000, 0x00000000a1b00000, 0x00000000a1b00000|100%| O|  |TAMS 0x00000000a1a00000| PB 0x00000000a1a00000| Untracked 
|  27|0x00000000a1b00000, 0x00000000a1c00000, 0x00000000a1c00000|100%| O|  |TAMS 0x00000000a1b00000| PB 0x00000000a1b00000| Untracked 
|  28|0x00000000a1c00000, 0x00000000a1d00000, 0x00000000a1d00000|100%| O|  |TAMS 0x00000000a1c00000| PB 0x00000000a1c00000| Untracked 
|  29|0x00000000a1d00000, 0x00000000a1e00000, 0x00000000a1e00000|100%| O|  |TAMS 0x00000000a1d00000| PB 0x00000000a1d00000| Untracked 
|  30|0x00000000a1e00000, 0x00000000a1f00000, 0x00000000a1f00000|100%|HS|  |TAMS 0x00000000a1e00000| PB 0x00000000a1e00000| Complete 
|  31|0x00000000a1f00000, 0x00000000a2000000, 0x00000000a2000000|100%| O|  |TAMS 0x00000000a1f00000| PB 0x00000000a1f00000| Untracked 
|  32|0x00000000a2000000, 0x00000000a2100000, 0x00000000a2100000|100%| O|  |TAMS 0x00000000a2000000| PB 0x00000000a2000000| Untracked 
|  33|0x00000000a2100000, 0x00000000a2200000, 0x00000000a2200000|100%| O|  |TAMS 0x00000000a2100000| PB 0x00000000a2100000| Untracked 
|  34|0x00000000a2200000, 0x00000000a2300000, 0x00000000a2300000|100%| O|  |TAMS 0x00000000a2200000| PB 0x00000000a2200000| Untracked 
|  35|0x00000000a2300000, 0x00000000a2400000, 0x00000000a2400000|100%| O|  |TAMS 0x00000000a2300000| PB 0x00000000a2300000| Untracked 
|  36|0x00000000a2400000, 0x00000000a2500000, 0x00000000a2500000|100%| O|  |TAMS 0x00000000a2400000| PB 0x00000000a2400000| Untracked 
|  37|0x00000000a2500000, 0x00000000a2600000, 0x00000000a2600000|100%| O|  |TAMS 0x00000000a2500000| PB 0x00000000a2500000| Untracked 
|  38|0x00000000a2600000, 0x00000000a2700000, 0x00000000a2700000|100%|HS|  |TAMS 0x00000000a2600000| PB 0x00000000a2600000| Complete 
|  39|0x00000000a2700000, 0x00000000a2800000, 0x00000000a2800000|100%| O|  |TAMS 0x00000000a2700000| PB 0x00000000a2700000| Untracked 
|  40|0x00000000a2800000, 0x00000000a2900000, 0x00000000a2900000|100%| O|  |TAMS 0x00000000a2800000| PB 0x00000000a2800000| Untracked 
|  41|0x00000000a2900000, 0x00000000a2a00000, 0x00000000a2a00000|100%| O|  |TAMS 0x00000000a2900000| PB 0x00000000a2900000| Untracked 
|  42|0x00000000a2a00000, 0x00000000a2b00000, 0x00000000a2b00000|100%| O|  |TAMS 0x00000000a2a00000| PB 0x00000000a2a00000| Untracked 
|  43|0x00000000a2b00000, 0x00000000a2c00000, 0x00000000a2c00000|100%|HS|  |TAMS 0x00000000a2b00000| PB 0x00000000a2b00000| Complete 
|  44|0x00000000a2c00000, 0x00000000a2d00000, 0x00000000a2d00000|100%|HS|  |TAMS 0x00000000a2c00000| PB 0x00000000a2c00000| Complete 
|  45|0x00000000a2d00000, 0x00000000a2e00000, 0x00000000a2e00000|100%| O|  |TAMS 0x00000000a2d00000| PB 0x00000000a2d00000| Untracked 
|  46|0x00000000a2e00000, 0x00000000a2f00000, 0x00000000a2f00000|100%| O|  |TAMS 0x00000000a2e00000| PB 0x00000000a2e00000| Untracked 
|  47|0x00000000a2f00000, 0x00000000a3000000, 0x00000000a3000000|100%| O|  |TAMS 0x00000000a2f00000| PB 0x00000000a2f00000| Untracked 
|  48|0x00000000a3000000, 0x00000000a3100000, 0x00000000a3100000|100%| O|  |TAMS 0x00000000a3000000| PB 0x00000000a3000000| Untracked 
|  49|0x00000000a3100000, 0x00000000a3200000, 0x00000000a3200000|100%| O|  |TAMS 0x00000000a3100000| PB 0x00000000a3100000| Untracked 
|  50|0x00000000a3200000, 0x00000000a3300000, 0x00000000a3300000|100%| O|  |TAMS 0x00000000a3200000| PB 0x00000000a3200000| Untracked 
|  51|0x00000000a3300000, 0x00000000a3400000, 0x00000000a3400000|100%|HS|  |TAMS 0x00000000a3300000| PB 0x00000000a3300000| Complete 
|  52|0x00000000a3400000, 0x00000000a3500000, 0x00000000a3500000|100%|HS|  |TAMS 0x00000000a3400000| PB 0x00000000a3400000| Complete 
|  53|0x00000000a3500000, 0x00000000a3600000, 0x00000000a3600000|100%| O|  |TAMS 0x00000000a3500000| PB 0x00000000a3500000| Untracked 
|  54|0x00000000a3600000, 0x00000000a3700000, 0x00000000a3700000|100%| O|  |TAMS 0x00000000a3600000| PB 0x00000000a3600000| Untracked 
|  55|0x00000000a3700000, 0x00000000a3800000, 0x00000000a3800000|100%| O|  |TAMS 0x00000000a3700000| PB 0x00000000a3700000| Untracked 
|  56|0x00000000a3800000, 0x00000000a3900000, 0x00000000a3900000|100%| O|  |TAMS 0x00000000a3800000| PB 0x00000000a3800000| Untracked 
|  57|0x00000000a3900000, 0x00000000a3a00000, 0x00000000a3a00000|100%|HS|  |TAMS 0x00000000a3900000| PB 0x00000000a3900000| Complete 
|  58|0x00000000a3a00000, 0x00000000a3b00000, 0x00000000a3b00000|100%| O|  |TAMS 0x00000000a3a00000| PB 0x00000000a3a00000| Untracked 
|  59|0x00000000a3b00000, 0x00000000a3c00000, 0x00000000a3c00000|100%| O|  |TAMS 0x00000000a3b00000| PB 0x00000000a3b00000| Untracked 
|  60|0x00000000a3c00000, 0x00000000a3d00000, 0x00000000a3d00000|100%| O|  |TAMS 0x00000000a3c00000| PB 0x00000000a3c00000| Untracked 
|  61|0x00000000a3d00000, 0x00000000a3e00000, 0x00000000a3e00000|100%| O|  |TAMS 0x00000000a3d00000| PB 0x00000000a3d00000| Untracked 
|  62|0x00000000a3e00000, 0x00000000a3f00000, 0x00000000a3f00000|100%| O|  |TAMS 0x00000000a3e00000| PB 0x00000000a3e00000| Untracked 
|  63|0x00000000a3f00000, 0x00000000a4000000, 0x00000000a4000000|100%| O|  |TAMS 0x00000000a3f00000| PB 0x00000000a3f00000| Untracked 
|  64|0x00000000a4000000, 0x00000000a4100000, 0x00000000a4100000|100%| O|  |TAMS 0x00000000a4000000| PB 0x00000000a4000000| Untracked 
|  65|0x00000000a4100000, 0x00000000a4200000, 0x00000000a4200000|100%| O|  |TAMS 0x00000000a4100000| PB 0x00000000a4100000| Untracked 
|  66|0x00000000a4200000, 0x00000000a4300000, 0x00000000a4300000|100%| O|  |TAMS 0x00000000a4200000| PB 0x00000000a4200000| Untracked 
|  67|0x00000000a4300000, 0x00000000a4400000, 0x00000000a4400000|100%| O|  |TAMS 0x00000000a4300000| PB 0x00000000a4300000| Untracked 
|  68|0x00000000a4400000, 0x00000000a4500000, 0x00000000a4500000|100%| O|  |TAMS 0x00000000a4400000| PB 0x00000000a4400000| Untracked 
|  69|0x00000000a4500000, 0x00000000a4600000, 0x00000000a4600000|100%| O|  |TAMS 0x00000000a4500000| PB 0x00000000a4500000| Untracked 
|  70|0x00000000a4600000, 0x00000000a4700000, 0x00000000a4700000|100%| O|  |TAMS 0x00000000a4600000| PB 0x00000000a4600000| Untracked 
|  71|0x00000000a4700000, 0x00000000a4800000, 0x00000000a4800000|100%| O|  |TAMS 0x00000000a4700000| PB 0x00000000a4700000| Untracked 
|  72|0x00000000a4800000, 0x00000000a4900000, 0x00000000a4900000|100%| O|  |TAMS 0x00000000a4800000| PB 0x00000000a4800000| Untracked 
|  73|0x00000000a4900000, 0x00000000a4a00000, 0x00000000a4a00000|100%| O|  |TAMS 0x00000000a4900000| PB 0x00000000a4900000| Untracked 
|  74|0x00000000a4a00000, 0x00000000a4a00000, 0x00000000a4b00000|  0%| F|  |TAMS 0x00000000a4a00000| PB 0x00000000a4a00000| Untracked 
|  75|0x00000000a4b00000, 0x00000000a4b00000, 0x00000000a4c00000|  0%| F|  |TAMS 0x00000000a4b00000| PB 0x00000000a4b00000| Untracked 
|  76|0x00000000a4c00000, 0x00000000a4c00000, 0x00000000a4d00000|  0%| F|  |TAMS 0x00000000a4c00000| PB 0x00000000a4c00000| Untracked 
|  77|0x00000000a4d00000, 0x00000000a4e00000, 0x00000000a4e00000|100%| O|  |TAMS 0x00000000a4d00000| PB 0x00000000a4d00000| Untracked 
|  78|0x00000000a4e00000, 0x00000000a4f00000, 0x00000000a4f00000|100%| O|  |TAMS 0x00000000a4e00000| PB 0x00000000a4e00000| Untracked 
|  79|0x00000000a4f00000, 0x00000000a5000000, 0x00000000a5000000|100%| O|  |TAMS 0x00000000a4f00000| PB 0x00000000a4f00000| Untracked 
|  80|0x00000000a5000000, 0x00000000a5000000, 0x00000000a5100000|  0%| F|  |TAMS 0x00000000a5000000| PB 0x00000000a5000000| Untracked 
|  81|0x00000000a5100000, 0x00000000a5200000, 0x00000000a5200000|100%| O|  |TAMS 0x00000000a5100000| PB 0x00000000a5100000| Untracked 
|  82|0x00000000a5200000, 0x00000000a5300000, 0x00000000a5300000|100%| O|  |TAMS 0x00000000a5200000| PB 0x00000000a5200000| Untracked 
|  83|0x00000000a5300000, 0x00000000a5400000, 0x00000000a5400000|100%| O|  |TAMS 0x00000000a5300000| PB 0x00000000a5300000| Untracked 
|  84|0x00000000a5400000, 0x00000000a5500000, 0x00000000a5500000|100%| O|  |TAMS 0x00000000a5400000| PB 0x00000000a5400000| Untracked 
|  85|0x00000000a5500000, 0x00000000a5600000, 0x00000000a5600000|100%| O|  |TAMS 0x00000000a5500000| PB 0x00000000a5500000| Untracked 
|  86|0x00000000a5600000, 0x00000000a5700000, 0x00000000a5700000|100%| O|  |TAMS 0x00000000a5600000| PB 0x00000000a5600000| Untracked 
|  87|0x00000000a5700000, 0x00000000a5800000, 0x00000000a5800000|100%| O|  |TAMS 0x00000000a5700000| PB 0x00000000a5700000| Untracked 
|  88|0x00000000a5800000, 0x00000000a5900000, 0x00000000a5900000|100%| O|  |TAMS 0x00000000a5800000| PB 0x00000000a5800000| Untracked 
|  89|0x00000000a5900000, 0x00000000a5a00000, 0x00000000a5a00000|100%| O|  |TAMS 0x00000000a5900000| PB 0x00000000a5900000| Untracked 
|  90|0x00000000a5a00000, 0x00000000a5b00000, 0x00000000a5b00000|100%| O|  |TAMS 0x00000000a5a00000| PB 0x00000000a5a00000| Untracked 
|  91|0x00000000a5b00000, 0x00000000a5c00000, 0x00000000a5c00000|100%|HS|  |TAMS 0x00000000a5b00000| PB 0x00000000a5b00000| Complete 
|  92|0x00000000a5c00000, 0x00000000a5d00000, 0x00000000a5d00000|100%| O|  |TAMS 0x00000000a5c00000| PB 0x00000000a5c00000| Untracked 
|  93|0x00000000a5d00000, 0x00000000a5e00000, 0x00000000a5e00000|100%| O|  |TAMS 0x00000000a5d00000| PB 0x00000000a5d00000| Untracked 
|  94|0x00000000a5e00000, 0x00000000a5f00000, 0x00000000a5f00000|100%| O|  |TAMS 0x00000000a5e00000| PB 0x00000000a5e00000| Untracked 
|  95|0x00000000a5f00000, 0x00000000a6000000, 0x00000000a6000000|100%| O|  |TAMS 0x00000000a5f00000| PB 0x00000000a5f00000| Untracked 
|  96|0x00000000a6000000, 0x00000000a6100000, 0x00000000a6100000|100%| O|  |TAMS 0x00000000a6000000| PB 0x00000000a6000000| Untracked 
|  97|0x00000000a6100000, 0x00000000a6200000, 0x00000000a6200000|100%| O|  |TAMS 0x00000000a6100000| PB 0x00000000a6100000| Untracked 
|  98|0x00000000a6200000, 0x00000000a6300000, 0x00000000a6300000|100%| O|  |TAMS 0x00000000a6200000| PB 0x00000000a6200000| Untracked 
|  99|0x00000000a6300000, 0x00000000a6400000, 0x00000000a6400000|100%| O|  |TAMS 0x00000000a6300000| PB 0x00000000a6300000| Untracked 
| 100|0x00000000a6400000, 0x00000000a6500000, 0x00000000a6500000|100%| O|  |TAMS 0x00000000a6400000| PB 0x00000000a6400000| Untracked 
| 101|0x00000000a6500000, 0x00000000a6600000, 0x00000000a6600000|100%| O|  |TAMS 0x00000000a6500000| PB 0x00000000a6500000| Untracked 
| 102|0x00000000a6600000, 0x00000000a6674730, 0x00000000a6700000| 45%| O|  |TAMS 0x00000000a6600000| PB 0x00000000a6600000| Untracked 
| 103|0x00000000a6700000, 0x00000000a6700000, 0x00000000a6800000|  0%| F|  |TAMS 0x00000000a6700000| PB 0x00000000a6700000| Untracked 
| 104|0x00000000a6800000, 0x00000000a6800000, 0x00000000a6900000|  0%| F|  |TAMS 0x00000000a6800000| PB 0x00000000a6800000| Untracked 
| 105|0x00000000a6900000, 0x00000000a6900000, 0x00000000a6a00000|  0%| F|  |TAMS 0x00000000a6900000| PB 0x00000000a6900000| Untracked 
| 106|0x00000000a6a00000, 0x00000000a6a00000, 0x00000000a6b00000|  0%| F|  |TAMS 0x00000000a6a00000| PB 0x00000000a6a00000| Untracked 
| 107|0x00000000a6b00000, 0x00000000a6b00000, 0x00000000a6c00000|  0%| F|  |TAMS 0x00000000a6b00000| PB 0x00000000a6b00000| Untracked 
| 108|0x00000000a6c00000, 0x00000000a6c00000, 0x00000000a6d00000|  0%| F|  |TAMS 0x00000000a6c00000| PB 0x00000000a6c00000| Untracked 
| 109|0x00000000a6d00000, 0x00000000a6d00000, 0x00000000a6e00000|  0%| F|  |TAMS 0x00000000a6d00000| PB 0x00000000a6d00000| Untracked 
| 110|0x00000000a6e00000, 0x00000000a6e00000, 0x00000000a6f00000|  0%| F|  |TAMS 0x00000000a6e00000| PB 0x00000000a6e00000| Untracked 
| 111|0x00000000a6f00000, 0x00000000a6ff2618, 0x00000000a7000000| 94%| S|CS|TAMS 0x00000000a6f00000| PB 0x00000000a6f00000| Complete 
| 112|0x00000000a7000000, 0x00000000a7100000, 0x00000000a7100000|100%| S|CS|TAMS 0x00000000a7000000| PB 0x00000000a7000000| Complete 
| 113|0x00000000a7100000, 0x00000000a7200000, 0x00000000a7200000|100%| S|CS|TAMS 0x00000000a7100000| PB 0x00000000a7100000| Complete 
| 114|0x00000000a7200000, 0x00000000a7300000, 0x00000000a7300000|100%| S|CS|TAMS 0x00000000a7200000| PB 0x00000000a7200000| Complete 
| 115|0x00000000a7300000, 0x00000000a7400000, 0x00000000a7400000|100%| S|CS|TAMS 0x00000000a7300000| PB 0x00000000a7300000| Complete 
| 116|0x00000000a7400000, 0x00000000a7500000, 0x00000000a7500000|100%| S|CS|TAMS 0x00000000a7400000| PB 0x00000000a7400000| Complete 
| 117|0x00000000a7500000, 0x00000000a7600000, 0x00000000a7600000|100%| S|CS|TAMS 0x00000000a7500000| PB 0x00000000a7500000| Complete 
| 118|0x00000000a7600000, 0x00000000a7600000, 0x00000000a7700000|  0%| F|  |TAMS 0x00000000a7600000| PB 0x00000000a7600000| Untracked 
| 119|0x00000000a7700000, 0x00000000a7700000, 0x00000000a7800000|  0%| F|  |TAMS 0x00000000a7700000| PB 0x00000000a7700000| Untracked 
| 120|0x00000000a7800000, 0x00000000a7800000, 0x00000000a7900000|  0%| F|  |TAMS 0x00000000a7800000| PB 0x00000000a7800000| Untracked 
| 121|0x00000000a7900000, 0x00000000a7900000, 0x00000000a7a00000|  0%| F|  |TAMS 0x00000000a7900000| PB 0x00000000a7900000| Untracked 
| 122|0x00000000a7a00000, 0x00000000a7a00000, 0x00000000a7b00000|  0%| F|  |TAMS 0x00000000a7a00000| PB 0x00000000a7a00000| Untracked 
| 123|0x00000000a7b00000, 0x00000000a7b00000, 0x00000000a7c00000|  0%| F|  |TAMS 0x00000000a7b00000| PB 0x00000000a7b00000| Untracked 
| 124|0x00000000a7c00000, 0x00000000a7c00000, 0x00000000a7d00000|  0%| F|  |TAMS 0x00000000a7c00000| PB 0x00000000a7c00000| Untracked 
| 125|0x00000000a7d00000, 0x00000000a7d00000, 0x00000000a7e00000|  0%| F|  |TAMS 0x00000000a7d00000| PB 0x00000000a7d00000| Untracked 
| 126|0x00000000a7e00000, 0x00000000a7e00000, 0x00000000a7f00000|  0%| F|  |TAMS 0x00000000a7e00000| PB 0x00000000a7e00000| Untracked 
| 127|0x00000000a7f00000, 0x00000000a7f00000, 0x00000000a8000000|  0%| F|  |TAMS 0x00000000a7f00000| PB 0x00000000a7f00000| Untracked 
| 128|0x00000000a8000000, 0x00000000a8000000, 0x00000000a8100000|  0%| F|  |TAMS 0x00000000a8000000| PB 0x00000000a8000000| Untracked 
| 129|0x00000000a8100000, 0x00000000a8100000, 0x00000000a8200000|  0%| F|  |TAMS 0x00000000a8100000| PB 0x00000000a8100000| Untracked 
| 130|0x00000000a8200000, 0x00000000a8200000, 0x00000000a8300000|  0%| F|  |TAMS 0x00000000a8200000| PB 0x00000000a8200000| Untracked 
| 131|0x00000000a8300000, 0x00000000a8300000, 0x00000000a8400000|  0%| F|  |TAMS 0x00000000a8300000| PB 0x00000000a8300000| Untracked 
| 132|0x00000000a8400000, 0x00000000a8400000, 0x00000000a8500000|  0%| F|  |TAMS 0x00000000a8400000| PB 0x00000000a8400000| Untracked 
| 133|0x00000000a8500000, 0x00000000a8500000, 0x00000000a8600000|  0%| F|  |TAMS 0x00000000a8500000| PB 0x00000000a8500000| Untracked 
| 134|0x00000000a8600000, 0x00000000a8600000, 0x00000000a8700000|  0%| F|  |TAMS 0x00000000a8600000| PB 0x00000000a8600000| Untracked 
| 135|0x00000000a8700000, 0x00000000a8700000, 0x00000000a8800000|  0%| F|  |TAMS 0x00000000a8700000| PB 0x00000000a8700000| Untracked 
| 136|0x00000000a8800000, 0x00000000a8800000, 0x00000000a8900000|  0%| F|  |TAMS 0x00000000a8800000| PB 0x00000000a8800000| Untracked 
| 137|0x00000000a8900000, 0x00000000a8900000, 0x00000000a8a00000|  0%| F|  |TAMS 0x00000000a8900000| PB 0x00000000a8900000| Untracked 
| 138|0x00000000a8a00000, 0x00000000a8a00000, 0x00000000a8b00000|  0%| F|  |TAMS 0x00000000a8a00000| PB 0x00000000a8a00000| Untracked 
| 139|0x00000000a8b00000, 0x00000000a8b00000, 0x00000000a8c00000|  0%| F|  |TAMS 0x00000000a8b00000| PB 0x00000000a8b00000| Untracked 
| 140|0x00000000a8c00000, 0x00000000a8c00000, 0x00000000a8d00000|  0%| F|  |TAMS 0x00000000a8c00000| PB 0x00000000a8c00000| Untracked 
| 141|0x00000000a8d00000, 0x00000000a8d00000, 0x00000000a8e00000|  0%| F|  |TAMS 0x00000000a8d00000| PB 0x00000000a8d00000| Untracked 
| 142|0x00000000a8e00000, 0x00000000a8e00000, 0x00000000a8f00000|  0%| F|  |TAMS 0x00000000a8e00000| PB 0x00000000a8e00000| Untracked 
| 143|0x00000000a8f00000, 0x00000000a8f00000, 0x00000000a9000000|  0%| F|  |TAMS 0x00000000a8f00000| PB 0x00000000a8f00000| Untracked 
| 144|0x00000000a9000000, 0x00000000a9000000, 0x00000000a9100000|  0%| F|  |TAMS 0x00000000a9000000| PB 0x00000000a9000000| Untracked 
| 145|0x00000000a9100000, 0x00000000a9100000, 0x00000000a9200000|  0%| F|  |TAMS 0x00000000a9100000| PB 0x00000000a9100000| Untracked 
| 146|0x00000000a9200000, 0x00000000a9200000, 0x00000000a9300000|  0%| F|  |TAMS 0x00000000a9200000| PB 0x00000000a9200000| Untracked 
| 147|0x00000000a9300000, 0x00000000a9300000, 0x00000000a9400000|  0%| F|  |TAMS 0x00000000a9300000| PB 0x00000000a9300000| Untracked 
| 148|0x00000000a9400000, 0x00000000a9400000, 0x00000000a9500000|  0%| F|  |TAMS 0x00000000a9400000| PB 0x00000000a9400000| Untracked 
| 149|0x00000000a9500000, 0x00000000a9500000, 0x00000000a9600000|  0%| F|  |TAMS 0x00000000a9500000| PB 0x00000000a9500000| Untracked 
| 150|0x00000000a9600000, 0x00000000a9600000, 0x00000000a9700000|  0%| F|  |TAMS 0x00000000a9600000| PB 0x00000000a9600000| Untracked 
| 151|0x00000000a9700000, 0x00000000a9700000, 0x00000000a9800000|  0%| F|  |TAMS 0x00000000a9700000| PB 0x00000000a9700000| Untracked 
| 152|0x00000000a9800000, 0x00000000a9800000, 0x00000000a9900000|  0%| F|  |TAMS 0x00000000a9800000| PB 0x00000000a9800000| Untracked 
| 153|0x00000000a9900000, 0x00000000a9980000, 0x00000000a9a00000| 50%| E|  |TAMS 0x00000000a9900000| PB 0x00000000a9900000| Complete 
| 154|0x00000000a9a00000, 0x00000000a9b00000, 0x00000000a9b00000|100%| E|CS|TAMS 0x00000000a9a00000| PB 0x00000000a9a00000| Complete 
| 155|0x00000000a9b00000, 0x00000000a9c00000, 0x00000000a9c00000|100%| E|CS|TAMS 0x00000000a9b00000| PB 0x00000000a9b00000| Complete 
| 156|0x00000000a9c00000, 0x00000000a9d00000, 0x00000000a9d00000|100%| E|CS|TAMS 0x00000000a9c00000| PB 0x00000000a9c00000| Complete 
| 157|0x00000000a9d00000, 0x00000000a9e00000, 0x00000000a9e00000|100%| E|CS|TAMS 0x00000000a9d00000| PB 0x00000000a9d00000| Complete 
| 158|0x00000000a9e00000, 0x00000000a9f00000, 0x00000000a9f00000|100%| E|CS|TAMS 0x00000000a9e00000| PB 0x00000000a9e00000| Complete 
| 159|0x00000000a9f00000, 0x00000000aa000000, 0x00000000aa000000|100%| E|CS|TAMS 0x00000000a9f00000| PB 0x00000000a9f00000| Complete 
| 160|0x00000000aa000000, 0x00000000aa100000, 0x00000000aa100000|100%| E|CS|TAMS 0x00000000aa000000| PB 0x00000000aa000000| Complete 
| 161|0x00000000aa100000, 0x00000000aa200000, 0x00000000aa200000|100%| E|CS|TAMS 0x00000000aa100000| PB 0x00000000aa100000| Complete 
| 162|0x00000000aa200000, 0x00000000aa300000, 0x00000000aa300000|100%| E|CS|TAMS 0x00000000aa200000| PB 0x00000000aa200000| Complete 
| 163|0x00000000aa300000, 0x00000000aa400000, 0x00000000aa400000|100%| E|CS|TAMS 0x00000000aa300000| PB 0x00000000aa300000| Complete 
| 164|0x00000000aa400000, 0x00000000aa500000, 0x00000000aa500000|100%| E|CS|TAMS 0x00000000aa400000| PB 0x00000000aa400000| Complete 
| 165|0x00000000aa500000, 0x00000000aa600000, 0x00000000aa600000|100%| E|CS|TAMS 0x00000000aa500000| PB 0x00000000aa500000| Complete 
| 166|0x00000000aa600000, 0x00000000aa700000, 0x00000000aa700000|100%| E|CS|TAMS 0x00000000aa600000| PB 0x00000000aa600000| Complete 
| 167|0x00000000aa700000, 0x00000000aa800000, 0x00000000aa800000|100%| E|CS|TAMS 0x00000000aa700000| PB 0x00000000aa700000| Complete 
| 168|0x00000000aa800000, 0x00000000aa900000, 0x00000000aa900000|100%| E|CS|TAMS 0x00000000aa800000| PB 0x00000000aa800000| Complete 
| 169|0x00000000aa900000, 0x00000000aaa00000, 0x00000000aaa00000|100%| E|CS|TAMS 0x00000000aa900000| PB 0x00000000aa900000| Complete 
| 170|0x00000000aaa00000, 0x00000000aab00000, 0x00000000aab00000|100%| E|CS|TAMS 0x00000000aaa00000| PB 0x00000000aaa00000| Complete 
| 171|0x00000000aab00000, 0x00000000aac00000, 0x00000000aac00000|100%| E|CS|TAMS 0x00000000aab00000| PB 0x00000000aab00000| Complete 
| 172|0x00000000aac00000, 0x00000000aad00000, 0x00000000aad00000|100%| E|CS|TAMS 0x00000000aac00000| PB 0x00000000aac00000| Complete 
|1527|0x00000000ff700000, 0x00000000ff800000, 0x00000000ff800000|100%| O|  |TAMS 0x00000000ff700000| PB 0x00000000ff700000| Untracked 
|1528|0x00000000ff800000, 0x00000000ff900000, 0x00000000ff900000|100%| O|  |TAMS 0x00000000ff800000| PB 0x00000000ff800000| Untracked 
|1529|0x00000000ff900000, 0x00000000ffa00000, 0x00000000ffa00000|100%| E|CS|TAMS 0x00000000ff900000| PB 0x00000000ff900000| Complete 
|1530|0x00000000ffa00000, 0x00000000ffb00000, 0x00000000ffb00000|100%| O|  |TAMS 0x00000000ffa00000| PB 0x00000000ffa00000| Untracked 
|1531|0x00000000ffb00000, 0x00000000ffc00000, 0x00000000ffc00000|100%| O|  |TAMS 0x00000000ffb00000| PB 0x00000000ffb00000| Untracked 
|1532|0x00000000ffc00000, 0x00000000ffd00000, 0x00000000ffd00000|100%| O|  |TAMS 0x00000000ffc00000| PB 0x00000000ffc00000| Untracked 
|1533|0x00000000ffd00000, 0x00000000ffe00000, 0x00000000ffe00000|100%| O|  |TAMS 0x00000000ffd00000| PB 0x00000000ffd00000| Untracked 
|1534|0x00000000ffe00000, 0x00000000fff00000, 0x00000000fff00000|100%| E|CS|TAMS 0x00000000ffe00000| PB 0x00000000ffe00000| Complete 
|1535|0x00000000fff00000, 0x0000000100000000, 0x0000000100000000|100%| O|  |TAMS 0x00000000fff00000| PB 0x00000000fff00000| Untracked 

Card table byte_map: [0x0000016ce89d0000,0x0000016ce8cd0000] _byte_map_base: 0x0000016ce84d0000

Marking Bits: (CMBitMap*) 0x0000016cd650a1a0
 Bits: [0x0000016ce8cd0000, 0x0000016cea4d0000)

Polling page: 0x0000016cd4210000

Metaspace:

Usage:
  Non-class:     82.66 MB used.
      Class:     13.01 MB used.
       Both:     95.67 MB used.

Virtual space:
  Non-class space:      128.00 MB reserved,      83.81 MB ( 65%) committed,  2 nodes.
      Class space:        1.00 GB reserved,      14.12 MB (  1%) committed,  1 nodes.
             Both:        1.12 GB reserved,      97.94 MB (  9%) committed. 

Chunk freelists:
   Non-Class:  12.17 MB
       Class:  1.73 MB
        Both:  13.91 MB

MaxMetaspaceSize: unlimited
CompressedClassSpaceSize: 1.00 GB
Initial GC threshold: 21.00 MB
Current GC threshold: 152.19 MB
CDS: on
 - commit_granule_bytes: 65536.
 - commit_granule_words: 8192.
 - virtual_space_node_default_size: 8388608.
 - enlarge_chunks_in_place: 1.
 - use_allocation_guard: 0.


Internal statistics:

num_allocs_failed_limit: 6.
num_arena_births: 4108.
num_arena_deaths: 0.
num_vsnodes_births: 3.
num_vsnodes_deaths: 0.
num_space_committed: 1565.
num_space_uncommitted: 0.
num_chunks_returned_to_freelist: 6.
num_chunks_taken_from_freelist: 8664.
num_chunk_merges: 6.
num_chunk_splits: 5698.
num_chunks_enlarged: 3607.
num_inconsistent_stats: 0.

CodeHeap 'non-profiled nmethods': size=120000Kb used=8001Kb max_used=8001Kb free=111998Kb
 bounds [0x0000016ce11a0000, 0x0000016ce1980000, 0x0000016ce86d0000]
CodeHeap 'profiled nmethods': size=120000Kb used=22566Kb max_used=22566Kb free=97434Kb
 bounds [0x0000016cd96d0000, 0x0000016cdace0000, 0x0000016ce0c00000]
CodeHeap 'non-nmethods': size=5760Kb used=2714Kb max_used=2794Kb free=3045Kb
 bounds [0x0000016ce0c00000, 0x0000016ce0ec0000, 0x0000016ce11a0000]
CodeCache: size=245760Kb, used=33281Kb, max_used=33361Kb, free=212477Kb
 total_blobs=12845, nmethods=11867, adapters=882, full_count=0
Compilation: enabled, stopped_count=0, restarted_count=0

Compilation events (20 events):
Event: 138.045 Thread 0x0000016cec97fc90 14027       3       org.gradle.plugins.ide.internal.tooling.model.LaunchableGradleTask::setPath (7 bytes)
Event: 138.045 Thread 0x0000016cec97fc90 nmethod 14027 0x0000016cdacd1690 code [0x0000016cdacd1820, 0x0000016cdacd1978]
Event: 138.447 Thread 0x0000016cec97fc90 14029       3       org.gradle.cache.internal.locklistener.DefaultFileLockContentionHandler::assertNotStopped (18 bytes)
Event: 138.447 Thread 0x0000016cec97fc90 nmethod 14029 0x0000016cdacd1a10 code [0x0000016cdacd1bc0, 0x0000016cdacd1de0]
Event: 138.450 Thread 0x0000016cec97fc90 14030       3       java.io.RandomAccessFile$1::close (11 bytes)
Event: 138.451 Thread 0x0000016cec97fc90 nmethod 14030 0x0000016cdacd1f10 code [0x0000016cdacd2100, 0x0000016cdacd2630]
Event: 139.172 Thread 0x0000016cec97c4e0 nmethod 14021 0x0000016ce1960d10 code [0x0000016ce1961840, 0x0000016ce196a110]
Event: 139.174 Thread 0x0000016cec97c4e0 14022       4       org.gradle.internal.reflect.annotations.impl.DefaultTypeAnnotationMetadataStore$HasAnnotationMetadataBuilder::resolveAnnotations (142 bytes)
Event: 139.333 Thread 0x0000016cec97fc90 14033       3       java.io.BufferedReader::ensureOpen (18 bytes)
Event: 139.333 Thread 0x0000016cec97fc90 nmethod 14033 0x0000016cdacd2810 code [0x0000016cdacd29c0, 0x0000016cdacd2bc8]
Event: 139.336 Thread 0x0000016cec97fc90 14034       3       java.io.StreamTokenizer::read (38 bytes)
Event: 139.337 Thread 0x0000016cec97fc90 nmethod 14034 0x0000016cdacd2c90 code [0x0000016cdacd2e80, 0x0000016cdacd3280]
Event: 139.337 Thread 0x0000016cec97fc90 14035   !   3       java.io.BufferedReader::read (59 bytes)
Event: 139.339 Thread 0x0000016cec97fc90 nmethod 14035 0x0000016cdacd3410 code [0x0000016cdacd36a0, 0x0000016cdacd44b0]
Event: 139.339 Thread 0x0000016cec97fc90 14036       3       java.lang.ClassLoader::getSystemClassLoader (96 bytes)
Event: 139.340 Thread 0x0000016cec97fc90 nmethod 14036 0x0000016cdacd4990 code [0x0000016cdacd4b80, 0x0000016cdacd5028]
Event: 139.348 Thread 0x0000016cec97fc90 14037       3       java.util.regex.Pattern::newSlice (181 bytes)
Event: 139.350 Thread 0x0000016cec97fc90 nmethod 14037 0x0000016cdacd5210 code [0x0000016cdacd5580, 0x0000016cdacd6bb0]
Event: 139.350 Thread 0x0000016cec97fc90 14038       3       java.util.regex.Pattern$SliceNode::<init> (10 bytes)
Event: 139.350 Thread 0x0000016cec97fc90 nmethod 14038 0x0000016cdacd7310 code [0x0000016cdacd74c0, 0x0000016cdacd7750]

GC Heap History (20 events):
Event: 106.985 GC heap before
{Heap before GC invocations=34 (full 0):
 garbage-first heap   total 133120K, used 121599K [0x00000000a0000000, 0x0000000100000000)
  region size 1024K, 44 young (45056K), 3 survivors (3072K)
 Metaspace       used 77821K, committed 79936K, reserved 1179648K
  class space    used 10927K, committed 11968K, reserved 1048576K
}
Event: 107.002 GC heap after
{Heap after GC invocations=35 (full 0):
 garbage-first heap   total 133120K, used 81287K [0x00000000a0000000, 0x0000000100000000)
  region size 1024K, 5 young (5120K), 5 survivors (5120K)
 Metaspace       used 77821K, committed 79936K, reserved 1179648K
  class space    used 10927K, committed 11968K, reserved 1048576K
}
Event: 111.522 GC heap before
{Heap before GC invocations=35 (full 0):
 garbage-first heap   total 133120K, used 122247K [0x00000000a0000000, 0x0000000100000000)
  region size 1024K, 46 young (47104K), 5 survivors (5120K)
 Metaspace       used 78565K, committed 80704K, reserved 1179648K
  class space    used 11015K, committed 12032K, reserved 1048576K
}
Event: 111.540 GC heap after
{Heap after GC invocations=36 (full 0):
 garbage-first heap   total 133120K, used 84590K [0x00000000a0000000, 0x0000000100000000)
  region size 1024K, 6 young (6144K), 6 survivors (6144K)
 Metaspace       used 78565K, committed 80704K, reserved 1179648K
  class space    used 11015K, committed 12032K, reserved 1048576K
}
Event: 114.974 GC heap before
{Heap before GC invocations=37 (full 0):
 garbage-first heap   total 142336K, used 123502K [0x00000000a0000000, 0x0000000100000000)
  region size 1024K, 44 young (45056K), 6 survivors (6144K)
 Metaspace       used 79192K, committed 81344K, reserved 1179648K
  class space    used 11125K, committed 12160K, reserved 1048576K
}
Event: 114.995 GC heap after
{Heap after GC invocations=38 (full 0):
 garbage-first heap   total 142336K, used 86290K [0x00000000a0000000, 0x0000000100000000)
  region size 1024K, 4 young (4096K), 4 survivors (4096K)
 Metaspace       used 79192K, committed 81344K, reserved 1179648K
  class space    used 11125K, committed 12160K, reserved 1048576K
}
Event: 119.271 GC heap before
{Heap before GC invocations=38 (full 0):
 garbage-first heap   total 142336K, used 135442K [0x00000000a0000000, 0x0000000100000000)
  region size 1024K, 48 young (49152K), 4 survivors (4096K)
 Metaspace       used 83734K, committed 86016K, reserved 1179648K
  class space    used 11679K, committed 12800K, reserved 1048576K
}
Event: 119.307 GC heap after
{Heap after GC invocations=39 (full 0):
 garbage-first heap   total 149504K, used 91683K [0x00000000a0000000, 0x0000000100000000)
  region size 1024K, 6 young (6144K), 6 survivors (6144K)
 Metaspace       used 83734K, committed 86016K, reserved 1179648K
  class space    used 11679K, committed 12800K, reserved 1048576K
}
Event: 121.919 GC heap before
{Heap before GC invocations=39 (full 0):
 garbage-first heap   total 149504K, used 134691K [0x00000000a0000000, 0x0000000100000000)
  region size 1024K, 49 young (50176K), 6 survivors (6144K)
 Metaspace       used 88537K, committed 90752K, reserved 1179648K
  class space    used 12182K, committed 13248K, reserved 1048576K
}
Event: 121.938 GC heap after
{Heap after GC invocations=40 (full 0):
 garbage-first heap   total 149504K, used 94208K [0x00000000a0000000, 0x0000000100000000)
  region size 1024K, 2 young (2048K), 2 survivors (2048K)
 Metaspace       used 88537K, committed 90752K, reserved 1179648K
  class space    used 12182K, committed 13248K, reserved 1048576K
}
Event: 125.423 GC heap before
{Heap before GC invocations=41 (full 0):
 garbage-first heap   total 157696K, used 137216K [0x00000000a0000000, 0x0000000100000000)
  region size 1024K, 45 young (46080K), 2 survivors (2048K)
 Metaspace       used 90288K, committed 92544K, reserved 1179648K
  class space    used 12321K, committed 13440K, reserved 1048576K
}
Event: 125.442 GC heap after
{Heap after GC invocations=42 (full 0):
 garbage-first heap   total 157696K, used 99328K [0x00000000a0000000, 0x0000000100000000)
  region size 1024K, 6 young (6144K), 6 survivors (6144K)
 Metaspace       used 90288K, committed 92544K, reserved 1179648K
  class space    used 12321K, committed 13440K, reserved 1048576K
}
Event: 129.728 GC heap before
{Heap before GC invocations=42 (full 0):
 garbage-first heap   total 157696K, used 144384K [0x00000000a0000000, 0x0000000100000000)
  region size 1024K, 50 young (51200K), 6 survivors (6144K)
 Metaspace       used 90709K, committed 92992K, reserved 1179648K
  class space    used 12336K, committed 13440K, reserved 1048576K
}
Event: 129.764 GC heap after
{Heap after GC invocations=43 (full 0):
 garbage-first heap   total 159744K, used 105036K [0x00000000a0000000, 0x0000000100000000)
  region size 1024K, 7 young (7168K), 7 survivors (7168K)
 Metaspace       used 90709K, committed 92992K, reserved 1179648K
  class space    used 12336K, committed 13440K, reserved 1048576K
}
Event: 131.651 GC heap before
{Heap before GC invocations=43 (full 0):
 garbage-first heap   total 159744K, used 134732K [0x00000000a0000000, 0x0000000100000000)
  region size 1024K, 37 young (37888K), 7 survivors (7168K)
 Metaspace       used 91150K, committed 93376K, reserved 1179648K
  class space    used 12384K, committed 13440K, reserved 1048576K
}
Event: 131.677 GC heap after
{Heap after GC invocations=44 (full 0):
 garbage-first heap   total 159744K, used 110049K [0x00000000a0000000, 0x0000000100000000)
  region size 1024K, 5 young (5120K), 5 survivors (5120K)
 Metaspace       used 91150K, committed 93376K, reserved 1179648K
  class space    used 12384K, committed 13440K, reserved 1048576K
}
Event: 135.448 GC heap before
{Heap before GC invocations=45 (full 0):
 garbage-first heap   total 186368K, used 146913K [0x00000000a0000000, 0x0000000100000000)
  region size 1024K, 40 young (40960K), 5 survivors (5120K)
 Metaspace       used 93074K, committed 95360K, reserved 1179648K
  class space    used 12658K, committed 13760K, reserved 1048576K
}
Event: 135.500 GC heap after
{Heap after GC invocations=46 (full 0):
 garbage-first heap   total 186368K, used 113346K [0x00000000a0000000, 0x0000000100000000)
  region size 1024K, 3 young (3072K), 3 survivors (3072K)
 Metaspace       used 93074K, committed 95360K, reserved 1179648K
  class space    used 12658K, committed 13760K, reserved 1048576K
}
Event: 137.702 GC heap before
{Heap before GC invocations=46 (full 0):
 garbage-first heap   total 186368K, used 168642K [0x00000000a0000000, 0x0000000100000000)
  region size 1024K, 57 young (58368K), 3 survivors (3072K)
 Metaspace       used 95969K, committed 98176K, reserved 1179648K
  class space    used 13062K, committed 14144K, reserved 1048576K
}
Event: 137.726 GC heap after
{Heap after GC invocations=47 (full 0):
 garbage-first heap   total 186368K, used 115099K [0x00000000a0000000, 0x0000000100000000)
  region size 1024K, 7 young (7168K), 7 survivors (7168K)
 Metaspace       used 95969K, committed 98176K, reserved 1179648K
  class space    used 13062K, committed 14144K, reserved 1048576K
}

Dll operation events (14 events):
Event: 0.028 Loaded shared library C:\Users\NukamiZe\.vscode\extensions\redhat.java-1.55.0-win32-x64\jre\21.0.11-win32-x86_64\bin\java.dll
Event: 0.483 Loaded shared library C:\Users\NukamiZe\.vscode\extensions\redhat.java-1.55.0-win32-x64\jre\21.0.11-win32-x86_64\bin\zip.dll
Event: 0.590 Loaded shared library C:\Users\NukamiZe\.vscode\extensions\redhat.java-1.55.0-win32-x64\jre\21.0.11-win32-x86_64\bin\instrument.dll
Event: 0.601 Loaded shared library C:\Users\NukamiZe\.vscode\extensions\redhat.java-1.55.0-win32-x64\jre\21.0.11-win32-x86_64\bin\net.dll
Event: 0.605 Loaded shared library C:\Users\NukamiZe\.vscode\extensions\redhat.java-1.55.0-win32-x64\jre\21.0.11-win32-x86_64\bin\nio.dll
Event: 0.612 Loaded shared library C:\Users\NukamiZe\.vscode\extensions\redhat.java-1.55.0-win32-x64\jre\21.0.11-win32-x86_64\bin\zip.dll
Event: 1.668 Loaded shared library C:\Users\NukamiZe\.vscode\extensions\redhat.java-1.55.0-win32-x64\jre\21.0.11-win32-x86_64\bin\jimage.dll
Event: 2.504 Loaded shared library C:\Users\NukamiZe\.vscode\extensions\redhat.java-1.55.0-win32-x64\jre\21.0.11-win32-x86_64\bin\verify.dll
Event: 3.026 Loaded shared library C:\Users\NukamiZe\.gradle\native\1def1411415f61bf3af743bc5b6707747c0891f09f0c88961ee8f79bc544acac\windows-amd64\native-platform.dll
Event: 3.064 Loaded shared library C:\Users\NukamiZe\.gradle\native\0.2.7\x86_64-windows-gnu\gradle-fileevents.dll
Event: 6.963 Loaded shared library C:\Users\NukamiZe\.vscode\extensions\redhat.java-1.55.0-win32-x64\jre\21.0.11-win32-x86_64\bin\management.dll
Event: 6.969 Loaded shared library C:\Users\NukamiZe\.vscode\extensions\redhat.java-1.55.0-win32-x64\jre\21.0.11-win32-x86_64\bin\management_ext.dll
Event: 7.432 Loaded shared library C:\Users\NukamiZe\.vscode\extensions\redhat.java-1.55.0-win32-x64\jre\21.0.11-win32-x86_64\bin\extnet.dll
Event: 8.394 Loaded shared library C:\Users\NukamiZe\.vscode\extensions\redhat.java-1.55.0-win32-x64\jre\21.0.11-win32-x86_64\bin\sunmscapi.dll

Deoptimization events (20 events):
Event: 139.334 Thread 0x0000016cf26945b0 DEOPT PACKING pc=0x0000016ce149cfc0 sp=0x000000261dcf7d90
Event: 139.334 Thread 0x0000016cf26945b0 DEOPT UNPACKING pc=0x0000016ce0c54422 sp=0x000000261dcf7cb0 mode 2
Event: 139.335 Thread 0x0000016cf26945b0 Uncommon trap: trap_request=0xffffffde fr.pc=0x0000016ce137033c relative=0x00000000000017dc
Event: 139.335 Thread 0x0000016cf26945b0 Uncommon trap: reason=class_check action=maybe_recompile pc=0x0000016ce137033c method=sun.nio.fs.WindowsDirectoryStream$WindowsDirectoryIterator.acceptEntry(Ljava/lang/String;Ljava/nio/file/attribute/BasicFileAttributes;)Ljava/nio/file/Path; @ 44 c2
Event: 139.335 Thread 0x0000016cf26945b0 DEOPT PACKING pc=0x0000016ce137033c sp=0x000000261dcf8080
Event: 139.335 Thread 0x0000016cf26945b0 DEOPT UNPACKING pc=0x0000016ce0c54422 sp=0x000000261dcf7f70 mode 2
Event: 139.336 Thread 0x0000016cf26945b0 Uncommon trap: trap_request=0xffffff45 fr.pc=0x0000016ce1440020 relative=0x0000000000000080
Event: 139.336 Thread 0x0000016cf26945b0 Uncommon trap: reason=unstable_if action=reinterpret pc=0x0000016ce1440020 method=java.lang.CharacterDataLatin1.equalsIgnoreCase(BB)Z @ 54 c2
Event: 139.336 Thread 0x0000016cf26945b0 DEOPT PACKING pc=0x0000016ce1440020 sp=0x000000261dcf7da0
Event: 139.337 Thread 0x0000016cf26945b0 DEOPT UNPACKING pc=0x0000016ce0c54422 sp=0x000000261dcf7d30 mode 2
Event: 139.342 Thread 0x0000016cf26945b0 Uncommon trap: trap_request=0xffffffc6 fr.pc=0x0000016ce16d8588 relative=0x00000000000001c8
Event: 139.342 Thread 0x0000016cf26945b0 Uncommon trap: reason=bimorphic_or_optimized_type_check action=maybe_recompile pc=0x0000016ce16d8588 method=java.util.Spliterators$ArraySpliterator.tryAdvance(Ljava/util/function/Consumer;)Z @ 49 c2
Event: 139.342 Thread 0x0000016cf26945b0 DEOPT PACKING pc=0x0000016ce16d8588 sp=0x000000261dcf7c20
Event: 139.342 Thread 0x0000016cf26945b0 DEOPT UNPACKING pc=0x0000016ce0c54422 sp=0x000000261dcf7ba0 mode 2
Event: 139.343 Thread 0x0000016cf26945b0 DEOPT PACKING pc=0x0000016cd97fab84 sp=0x000000261dcf8140
Event: 139.343 Thread 0x0000016cf26945b0 DEOPT UNPACKING pc=0x0000016ce0c54bc2 sp=0x000000261dcf7608 mode 0
Event: 139.346 Thread 0x0000016cf26945b0 Uncommon trap: trap_request=0xffffff45 fr.pc=0x0000016ce124b0a4 relative=0x0000000000000a84
Event: 139.346 Thread 0x0000016cf26945b0 Uncommon trap: reason=unstable_if action=reinterpret pc=0x0000016ce124b0a4 method=sun.net.util.IPAddressUtil.scan(Ljava/lang/String;JJ[C)I @ 14 c2
Event: 139.346 Thread 0x0000016cf26945b0 DEOPT PACKING pc=0x0000016ce124b0a4 sp=0x000000261dcf7de0
Event: 139.346 Thread 0x0000016cf26945b0 DEOPT UNPACKING pc=0x0000016ce0c54422 sp=0x000000261dcf7bd8 mode 2

Classes loaded (20 events):
Event: 139.335 Loading class javax/crypto/CryptoAllPermissionCollection
Event: 139.335 Loading class javax/crypto/CryptoAllPermissionCollection done
Event: 139.337 Loading class java/net/URL$ThreadTrackHolder
Event: 139.338 Loading class java/net/URL$ThreadTrackHolder done
Event: 139.338 Loading class java/net/URL$2
Event: 139.338 Loading class java/net/URL$2 done
Event: 139.338 Loading class java/net/URL$1
Event: 139.338 Loading class java/net/URL$1 done
Event: 139.338 Loading class java/net/spi/URLStreamHandlerProvider
Event: 139.338 Loading class java/net/spi/URLStreamHandlerProvider done
Event: 139.343 Loading class sun/net/www/protocol/http/Handler
Event: 139.343 Loading class sun/net/www/protocol/http/Handler done
Event: 139.346 Loading class javax/crypto/JceSecurity$WeakIdentityWrapper
Event: 139.346 Loading class javax/crypto/JceSecurity$WeakIdentityWrapper done
Event: 139.346 Loading class javax/crypto/JceSecurity$2
Event: 139.347 Loading class javax/crypto/JceSecurity$2 done
Event: 139.347 Loading class javax/crypto/JceSecurity$3
Event: 139.347 Loading class javax/crypto/JceSecurity$3 done
Event: 139.347 Loading class javax/crypto/ProviderVerifier
Event: 139.347 Loading class javax/crypto/ProviderVerifier done

Classes unloaded (0 events):
No events

Classes redefined (0 events):
No events

Internal exceptions (20 events):
Event: 134.800 Thread 0x0000016cf26945b0 Implicit null exception at 0x0000016ce11ed7cd to 0x0000016ce11ed982
Event: 134.864 Thread 0x0000016cf26945b0 Implicit null exception at 0x0000016ce11ec2cd to 0x0000016ce11ec482
Event: 135.504 Thread 0x0000016cf26945b0 Implicit null exception at 0x0000016ce16ade80 to 0x0000016ce16ae4dc
Event: 136.392 Thread 0x0000016cf26945b0 Exception <a 'java/lang/NoClassDefFoundError'{0x00000000a9c2da98}: org/jetbrains/kotlin/gradle/plugin/KotlinBasePluginWrapper> (0x00000000a9c2da98) 
thrown [s\src\hotspot\share\oops\constantPool.cpp, line 873]
Event: 136.398 Thread 0x0000016cf26945b0 Exception <a 'java/lang/NoClassDefFoundError'{0x00000000a9c5bee8}: org/jetbrains/kotlin/gradle/plugin/KotlinBasePluginWrapper> (0x00000000a9c5bee8) 
thrown [s\src\hotspot\share\oops\constantPool.cpp, line 873]
Event: 136.422 Thread 0x0000016cf26945b0 Exception <a 'java/lang/NoClassDefFoundError'{0x00000000a9c889c8}: org/jetbrains/kotlin/gradle/plugin/KotlinBasePluginWrapper> (0x00000000a9c889c8) 
thrown [s\src\hotspot\share\oops\constantPool.cpp, line 873]
Event: 136.429 Thread 0x0000016cf26945b0 Exception <a 'java/lang/NoClassDefFoundError'{0x00000000a9cba408}: org/jetbrains/kotlin/gradle/plugin/KotlinBasePluginWrapper> (0x00000000a9cba408) 
thrown [s\src\hotspot\share\oops\constantPool.cpp, line 873]
Event: 136.441 Thread 0x0000016cf26945b0 Exception <a 'java/lang/NoClassDefFoundError'{0x00000000a9ce6a88}: org/jetbrains/kotlin/gradle/plugin/KotlinBasePluginWrapper> (0x00000000a9ce6a88) 
thrown [s\src\hotspot\share\oops\constantPool.cpp, line 873]
Event: 136.540 Thread 0x0000016cf26945b0 Exception <a 'java/lang/NoClassDefFoundError'{0x00000000a996e4b8}: org/jetbrains/kotlin/gradle/plugin/KotlinBasePluginWrapper> (0x00000000a996e4b8) 
thrown [s\src\hotspot\share\oops\constantPool.cpp, line 873]
Event: 136.549 Thread 0x0000016cf26945b0 Exception <a 'java/lang/NoClassDefFoundError'{0x00000000a999ade0}: org/jetbrains/kotlin/gradle/plugin/KotlinBasePluginWrapper> (0x00000000a999ade0) 
thrown [s\src\hotspot\share\oops\constantPool.cpp, line 873]
Event: 136.568 Thread 0x0000016cf26945b0 Exception <a 'java/lang/NoClassDefFoundError'{0x00000000a99c53d8}: org/jetbrains/kotlin/gradle/plugin/KotlinBasePluginWrapper> (0x00000000a99c53d8) 
thrown [s\src\hotspot\share\oops\constantPool.cpp, line 873]
Event: 136.617 Thread 0x0000016cf26945b0 Exception <a 'java/lang/NoClassDefFoundError'{0x00000000a99f1f08}: org/jetbrains/kotlin/gradle/plugin/KotlinBasePluginWrapper> (0x00000000a99f1f08) 
thrown [s\src\hotspot\share\oops\constantPool.cpp, line 873]
Event: 136.629 Thread 0x0000016cf26945b0 Exception <a 'java/lang/NoClassDefFoundError'{0x00000000a98245a0}: org/jetbrains/kotlin/gradle/plugin/KotlinBasePluginWrapper> (0x00000000a98245a0) 
thrown [s\src\hotspot\share\oops\constantPool.cpp, line 873]
Event: 136.635 Thread 0x0000016cf26945b0 Exception <a 'java/lang/NoClassDefFoundError'{0x00000000a9851180}: org/jetbrains/kotlin/gradle/plugin/KotlinBasePluginWrapper> (0x00000000a9851180) 
thrown [s\src\hotspot\share\oops\constantPool.cpp, line 873]
Event: 136.927 Thread 0x0000016cf26945b0 Implicit null exception at 0x0000016ce1943f9a to 0x0000016ce1944614
Event: 136.991 Thread 0x0000016cf26945b0 Implicit null exception at 0x0000016ce1947524 to 0x0000016ce19478b4
Event: 137.495 Thread 0x0000016cf26945b0 Implicit null exception at 0x0000016ce1954900 to 0x0000016ce195516c
Event: 137.495 Thread 0x0000016cf26945b0 Implicit null exception at 0x0000016ce1956159 to 0x0000016ce19563cc
Event: 137.698 Thread 0x0000016cf26945b0 Implicit null exception at 0x0000016ce1959e31 to 0x0000016ce195a0f4
Event: 139.303 Thread 0x0000016cf26945b0 Exception <a 'sun/nio/fs/WindowsException'{0x00000000a9bada20}> (0x00000000a9bada20) 
thrown [s\src\hotspot\share\prims\jni.cpp, line 520]

ZGC Phase Switch (0 events):
No events

VM Operations (20 events):
Event: 134.015 Executing non-safepoint VM operation: HandshakeAllThreads (Deoptimize)
Event: 134.015 Executing non-safepoint VM operation: HandshakeAllThreads (Deoptimize) done
Event: 135.018 Executing safepoint VM operation: Cleanup
Event: 135.048 Executing safepoint VM operation: Cleanup done
Event: 135.311 Executing safepoint VM operation: G1CollectForAllocation (G1 Evacuation Pause)
Event: 135.500 Executing safepoint VM operation: G1CollectForAllocation (G1 Evacuation Pause) done
Event: 136.511 Executing safepoint VM operation: Cleanup
Event: 136.512 Executing safepoint VM operation: Cleanup done
Event: 137.516 Executing safepoint VM operation: Cleanup
Event: 137.517 Executing safepoint VM operation: Cleanup done
Event: 137.702 Executing safepoint VM operation: G1CollectForAllocation (G1 Evacuation Pause)
Event: 137.726 Executing safepoint VM operation: G1CollectForAllocation (G1 Evacuation Pause) done
Event: 138.728 Executing safepoint VM operation: Cleanup
Event: 138.886 Executing safepoint VM operation: Cleanup done
Event: 139.326 Executing non-safepoint VM operation: HandshakeAllThreads (Deoptimize)
Event: 139.327 Executing non-safepoint VM operation: HandshakeAllThreads (Deoptimize) done
Event: 139.341 Executing non-safepoint VM operation: HandshakeAllThreads (Deoptimize)
Event: 139.341 Executing non-safepoint VM operation: HandshakeAllThreads (Deoptimize) done
Event: 139.345 Executing non-safepoint VM operation: HandshakeAllThreads (Deoptimize)
Event: 139.345 Executing non-safepoint VM operation: HandshakeAllThreads (Deoptimize) done

Memory protections (0 events):
No events

Nmethod flushes (20 events):
Event: 132.340 Thread 0x0000016cec94f5e0 flushing  nmethod 0x0000016cda0fc210
Event: 132.340 Thread 0x0000016cec94f5e0 flushing  nmethod 0x0000016cda1cb990
Event: 132.340 Thread 0x0000016cec94f5e0 flushing  nmethod 0x0000016cda24e090
Event: 132.340 Thread 0x0000016cec94f5e0 flushing  nmethod 0x0000016cda271110
Event: 132.340 Thread 0x0000016cec94f5e0 flushing  nmethod 0x0000016cda274b10
Event: 132.340 Thread 0x0000016cec94f5e0 flushing  nmethod 0x0000016cda2cae10
Event: 132.340 Thread 0x0000016cec94f5e0 flushing  nmethod 0x0000016cda2d3d10
Event: 132.340 Thread 0x0000016cec94f5e0 flushing  nmethod 0x0000016cda2d4090
Event: 132.340 Thread 0x0000016cec94f5e0 flushing  nmethod 0x0000016cda2d6390
Event: 132.340 Thread 0x0000016cec94f5e0 flushing  nmethod 0x0000016cda306a10
Event: 132.340 Thread 0x0000016cec94f5e0 flushing  nmethod 0x0000016cda31bd90
Event: 132.340 Thread 0x0000016cec94f5e0 flushing  nmethod 0x0000016cda33dc90
Event: 132.340 Thread 0x0000016cec94f5e0 flushing  nmethod 0x0000016cda362f10
Event: 132.340 Thread 0x0000016cec94f5e0 flushing  nmethod 0x0000016cda3bbc10
Event: 132.340 Thread 0x0000016cec94f5e0 flushing  nmethod 0x0000016cda3be910
Event: 132.340 Thread 0x0000016cec94f5e0 flushing  nmethod 0x0000016cda3bf710
Event: 132.340 Thread 0x0000016cec94f5e0 flushing  nmethod 0x0000016cda48d310
Event: 132.340 Thread 0x0000016cec94f5e0 flushing  nmethod 0x0000016cda4e4690
Event: 132.340 Thread 0x0000016cec94f5e0 flushing  nmethod 0x0000016cda62be10
Event: 132.340 Thread 0x0000016cec94f5e0 flushing  nmethod 0x0000016cda644110

Events (20 events):
Event: 128.458 Thread 0x0000016cf26945b0 Thread added: 0x0000016cf43cf480
Event: 128.482 Thread 0x0000016cf26945b0 Thread added: 0x0000016cf5a548e0
Event: 128.490 Thread 0x0000016cf26945b0 Thread added: 0x0000016cf5a51af0
Event: 128.583 Thread 0x0000016cec97c4e0 Thread added: 0x0000016cf7402da0
Event: 128.587 Thread 0x0000016cf26945b0 Thread added: 0x0000016cf5a51460
Event: 128.709 Thread 0x0000016cf7402da0 Thread exited: 0x0000016cf7402da0
Event: 129.535 Thread 0x0000016cec97fc90 Thread added: 0x0000016cf73ff050
Event: 129.547 Thread 0x0000016cf26945b0 Thread added: 0x0000016cf5a52180
Event: 129.547 Thread 0x0000016cf26945b0 Thread added: 0x0000016cf5a52ea0
Event: 129.547 Thread 0x0000016cf26945b0 Thread added: 0x0000016cf5a53530
Event: 129.687 Thread 0x0000016cf26945b0 Thread added: 0x0000016cf5a53bc0
Event: 129.688 Thread 0x0000016cf26945b0 Thread added: 0x0000016cf5a54250
Event: 129.689 Thread 0x0000016cf26945b0 Thread added: 0x0000016cf5a500b0
Event: 130.718 Thread 0x0000016cf26945b0 Thread added: 0x0000016cf5a54f70
Event: 130.718 Thread 0x0000016cf26945b0 Thread added: 0x0000016cf5a4dfe0
Event: 130.750 Thread 0x0000016cf26945b0 Thread added: 0x0000016cf5a55600
Event: 131.334 Thread 0x0000016cf26945b0 Thread added: 0x0000016cf36a48c0
Event: 134.217 Thread 0x0000016cf73ff050 Thread exited: 0x0000016cf73ff050
Event: 134.372 Thread 0x0000016cec97c4e0 Thread added: 0x0000016cf7402000
Event: 135.531 Thread 0x0000016cf7402000 Thread exited: 0x0000016cf7402000


Dynamic libraries:
0x00007ff795180000 - 0x00007ff79518e000 	C:\Users\NukamiZe\.vscode\extensions\redhat.java-1.55.0-win32-x64\jre\21.0.11-win32-x86_64\bin\java.exe
0x00007ffe95bb0000 - 0x00007ffe95da8000 	C:\Windows\SYSTEM32\ntdll.dll
0x00007ffe954d0000 - 0x00007ffe95592000 	C:\Windows\System32\KERNEL32.DLL
0x00007ffe934a0000 - 0x00007ffe93796000 	C:\Windows\System32\KERNELBASE.dll
0x00007ffe93900000 - 0x00007ffe93a00000 	C:\Windows\System32\ucrtbase.dll
0x00007ffe7f290000 - 0x00007ffe7f2a8000 	C:\Users\NukamiZe\.vscode\extensions\redhat.java-1.55.0-win32-x64\jre\21.0.11-win32-x86_64\bin\jli.dll
0x00007ffe95240000 - 0x00007ffe953e1000 	C:\Windows\System32\USER32.dll
0x00007ffe93270000 - 0x00007ffe93292000 	C:\Windows\System32\win32u.dll
0x00007ffe93cf0000 - 0x00007ffe93d1b000 	C:\Windows\System32\GDI32.dll
0x00007ffe932a0000 - 0x00007ffe933b9000 	C:\Windows\System32\gdi32full.dll
0x00007ffe93ab0000 - 0x00007ffe93b4d000 	C:\Windows\System32\msvcp_win.dll
0x00007ffe7b710000 - 0x00007ffe7b72e000 	C:\Users\NukamiZe\.vscode\extensions\redhat.java-1.55.0-win32-x64\jre\21.0.11-win32-x86_64\bin\VCRUNTIME140.dll
0x00007ffe81180000 - 0x00007ffe8141b000 	C:\Windows\WinSxS\amd64_microsoft.windows.common-controls_6595b64144ccf1df_6.0.19041.6456_none_60b8a6cb71f64256\COMCTL32.dll
0x00007ffe94600000 - 0x00007ffe9469e000 	C:\Windows\System32\msvcrt.dll
0x00007ffe94bd0000 - 0x00007ffe94bff000 	C:\Windows\System32\IMM32.DLL
0x00007ffe85f00000 - 0x00007ffe85f0c000 	C:\Users\NukamiZe\.vscode\extensions\redhat.java-1.55.0-win32-x64\jre\21.0.11-win32-x86_64\bin\vcruntime140_1.dll
0x00007ffe4da70000 - 0x00007ffe4dafd000 	C:\Users\NukamiZe\.vscode\extensions\redhat.java-1.55.0-win32-x64\jre\21.0.11-win32-x86_64\bin\msvcp140.dll
0x00007ffe0b630000 - 0x00007ffe0c3d2000 	C:\Users\NukamiZe\.vscode\extensions\redhat.java-1.55.0-win32-x64\jre\21.0.11-win32-x86_64\bin\server\jvm.dll
0x00007ffe94850000 - 0x00007ffe94901000 	C:\Windows\System32\ADVAPI32.dll
0x00007ffe95610000 - 0x00007ffe956af000 	C:\Windows\System32\sechost.dll
0x00007ffe93bd0000 - 0x00007ffe93cf0000 	C:\Windows\System32\RPCRT4.dll
0x00007ffe93240000 - 0x00007ffe93267000 	C:\Windows\System32\bcrypt.dll
0x00007ffe95b00000 - 0x00007ffe95b6b000 	C:\Windows\System32\WS2_32.dll
0x00007ffe92db0000 - 0x00007ffe92dfb000 	C:\Windows\SYSTEM32\POWRPROF.dll
0x00007ffe7cf10000 - 0x00007ffe7cf37000 	C:\Windows\SYSTEM32\WINMM.dll
0x00007ffe8d450000 - 0x00007ffe8d45a000 	C:\Windows\SYSTEM32\VERSION.dll
0x00007ffe92d90000 - 0x00007ffe92da2000 	C:\Windows\SYSTEM32\UMPDC.dll
0x00007ffe91290000 - 0x00007ffe912a2000 	C:\Windows\SYSTEM32\kernel.appcore.dll
0x00007ffe85c50000 - 0x00007ffe85c5a000 	C:\Users\NukamiZe\.vscode\extensions\redhat.java-1.55.0-win32-x64\jre\21.0.11-win32-x86_64\bin\jimage.dll
0x00007ffe90f00000 - 0x00007ffe91101000 	C:\Windows\SYSTEM32\DBGHELP.DLL
0x00007ffe80570000 - 0x00007ffe805a4000 	C:\Windows\SYSTEM32\dbgcore.DLL
0x00007ffe933c0000 - 0x00007ffe93442000 	C:\Windows\System32\bcryptPrimitives.dll
0x00007ffe8f7d0000 - 0x00007ffe8f7df000 	C:\Users\NukamiZe\.vscode\extensions\redhat.java-1.55.0-win32-x64\jre\21.0.11-win32-x86_64\bin\instrument.dll
0x00007ffe5f690000 - 0x00007ffe5f6b0000 	C:\Users\NukamiZe\.vscode\extensions\redhat.java-1.55.0-win32-x64\jre\21.0.11-win32-x86_64\bin\java.dll
0x00007ffe93d80000 - 0x00007ffe944f0000 	C:\Windows\System32\SHELL32.dll
0x00007ffe912b0000 - 0x00007ffe91a55000 	C:\Windows\SYSTEM32\windows.storage.dll
0x00007ffe956d0000 - 0x00007ffe95a24000 	C:\Windows\System32\combase.dll
0x00007ffe92c00000 - 0x00007ffe92c2b000 	C:\Windows\SYSTEM32\Wldp.dll
0x00007ffe95a30000 - 0x00007ffe95afd000 	C:\Windows\System32\OLEAUT32.dll
0x00007ffe95190000 - 0x00007ffe9523d000 	C:\Windows\System32\SHCORE.dll
0x00007ffe944f0000 - 0x00007ffe9454b000 	C:\Windows\System32\shlwapi.dll
0x00007ffe93170000 - 0x00007ffe93194000 	C:\Windows\SYSTEM32\profapi.dll
0x00007ffe696e0000 - 0x00007ffe696f8000 	C:\Users\NukamiZe\.vscode\extensions\redhat.java-1.55.0-win32-x64\jre\21.0.11-win32-x86_64\bin\zip.dll
0x00007ffe84810000 - 0x00007ffe84820000 	C:\Users\NukamiZe\.vscode\extensions\redhat.java-1.55.0-win32-x64\jre\21.0.11-win32-x86_64\bin\net.dll
0x00007ffe8adb0000 - 0x00007ffe8aeba000 	C:\Windows\SYSTEM32\WINHTTP.dll
0x00007ffe928f0000 - 0x00007ffe9295a000 	C:\Windows\system32\mswsock.dll
0x00007ffe68b60000 - 0x00007ffe68b76000 	C:\Users\NukamiZe\.vscode\extensions\redhat.java-1.55.0-win32-x64\jre\21.0.11-win32-x86_64\bin\nio.dll
0x00007ffe84020000 - 0x00007ffe84030000 	C:\Users\NukamiZe\.vscode\extensions\redhat.java-1.55.0-win32-x64\jre\21.0.11-win32-x86_64\bin\verify.dll
0x00007ffe82440000 - 0x00007ffe82467000 	C:\Users\NukamiZe\.gradle\native\1def1411415f61bf3af743bc5b6707747c0891f09f0c88961ee8f79bc544acac\windows-amd64\native-platform.dll
0x00007ffe47cc0000 - 0x00007ffe47d38000 	C:\Users\NukamiZe\.gradle\native\0.2.7\x86_64-windows-gnu\gradle-fileevents.dll
0x00007ffe832e0000 - 0x00007ffe832ea000 	C:\Users\NukamiZe\.vscode\extensions\redhat.java-1.55.0-win32-x64\jre\21.0.11-win32-x86_64\bin\management.dll
0x00007ffe82200000 - 0x00007ffe8220c000 	C:\Users\NukamiZe\.vscode\extensions\redhat.java-1.55.0-win32-x64\jre\21.0.11-win32-x86_64\bin\management_ext.dll
0x00007ffe94920000 - 0x00007ffe94928000 	C:\Windows\System32\PSAPI.DLL
0x00007ffe925d0000 - 0x00007ffe9260b000 	C:\Windows\SYSTEM32\IPHLPAPI.DLL
0x00007ffe955a0000 - 0x00007ffe955a8000 	C:\Windows\System32\NSI.dll
0x00007ffe83410000 - 0x00007ffe83419000 	C:\Users\NukamiZe\.vscode\extensions\redhat.java-1.55.0-win32-x64\jre\21.0.11-win32-x86_64\bin\extnet.dll
0x00007ffe92b60000 - 0x00007ffe92b78000 	C:\Windows\SYSTEM32\CRYPTSP.dll
0x00007ffe92210000 - 0x00007ffe92248000 	C:\Windows\system32\rsaenh.dll
0x00007ffe930f0000 - 0x00007ffe9311e000 	C:\Windows\SYSTEM32\USERENV.dll
0x00007ffe92b50000 - 0x00007ffe92b5c000 	C:\Windows\SYSTEM32\CRYPTBASE.dll
0x00007ffe83f10000 - 0x00007ffe83f1e000 	C:\Users\NukamiZe\.vscode\extensions\redhat.java-1.55.0-win32-x64\jre\21.0.11-win32-x86_64\bin\sunmscapi.dll
0x00007ffe937a0000 - 0x00007ffe938fd000 	C:\Windows\System32\CRYPT32.dll
0x00007ffe92c70000 - 0x00007ffe92c97000 	C:\Windows\SYSTEM32\ncrypt.dll
0x00007ffe92c30000 - 0x00007ffe92c6b000 	C:\Windows\SYSTEM32\NTASN1.dll
0x00007ffe6a8e0000 - 0x00007ffe6a8e7000 	C:\Windows\system32\wshunix.dll

JVMTI agents:
C:\Users\NukamiZe\.gradle\wrapper\dists\gradle-8.14.3-all\10utluxaxniiv4wxiphsi49nj\gradle-8.14.3\lib\agents\gradle-instrumentation-agent-8.14.3.jar path:C:\Users\NukamiZe\.vscode\extensions\redhat.java-1.55.0-win32-x64\jre\21.0.11-win32-x86_64\bin\instrument.dll, loaded, initialized, instrumentlib options:none

dbghelp: loaded successfully - version: 4.0.5 - missing functions: none
symbol engine: initialized successfully - sym options: 0x614 - pdb path: .;C:\Users\NukamiZe\.vscode\extensions\redhat.java-1.55.0-win32-x64\jre\21.0.11-win32-x86_64\bin;C:\Windows\SYSTEM32;C:\Windows\WinSxS\amd64_microsoft.windows.common-controls_6595b64144ccf1df_6.0.19041.6456_none_60b8a6cb71f64256;C:\Users\NukamiZe\.vscode\extensions\redhat.java-1.55.0-win32-x64\jre\21.0.11-win32-x86_64\bin\server;C:\Users\NukamiZe\.gradle\native\1def1411415f61bf3af743bc5b6707747c0891f09f0c88961ee8f79bc544acac\windows-amd64;C:\Users\NukamiZe\.gradle\native\0.2.7\x86_64-windows-gnu

VM Arguments:
jvm_args: --add-opens=java.base/java.lang=ALL-UNNAMED --add-opens=java.base/java.lang.invoke=ALL-UNNAMED --add-opens=java.base/java.util=ALL-UNNAMED --add-opens=java.prefs/java.util.prefs=ALL-UNNAMED --add-exports=jdk.compiler/com.sun.tools.javac.api=ALL-UNNAMED --add-exports=jdk.compiler/com.sun.tools.javac.util=ALL-UNNAMED --add-opens=java.base/java.util=ALL-UNNAMED --add-opens=java.prefs/java.util.prefs=ALL-UNNAMED --add-opens=java.base/java.nio.charset=ALL-UNNAMED --add-opens=java.base/java.net=ALL-UNNAMED --add-opens=java.base/java.util.concurrent.atomic=ALL-UNNAMED --add-opens=java.xml/javax.xml.namespace=ALL-UNNAMED -Xmx1536m -Dfile.encoding=UTF-8 -Duser.country=ID -Duser.language=en -Duser.variant -javaagent:C:\Users\NukamiZe\.gradle\wrapper\dists\gradle-8.14.3-all\10utluxaxniiv4wxiphsi49nj\gradle-8.14.3\lib\agents\gradle-instrumentation-agent-8.14.3.jar 
java_command: org.gradle.launcher.daemon.bootstrap.GradleDaemon 8.14.3
java_class_path (initial): C:\Users\NukamiZe\.gradle\wrapper\dists\gradle-8.14.3-all\10utluxaxniiv4wxiphsi49nj\gradle-8.14.3\lib\gradle-daemon-main-8.14.3.jar
Launcher Type: SUN_STANDARD

[Global flags]
     intx CICompilerCount                          = 3                                         {product} {ergonomic}
     uint ConcGCThreads                            = 1                                         {product} {ergonomic}
     uint G1ConcRefinementThreads                  = 4                                         {product} {ergonomic}
   size_t G1HeapRegionSize                         = 1048576                                   {product} {ergonomic}
    uintx GCDrainStackTargetSize                   = 64                                        {product} {ergonomic}
   size_t InitialHeapSize                          = 132120576                                 {product} {ergonomic}
   size_t MarkStackSize                            = 4194304                                   {product} {ergonomic}
   size_t MaxHeapSize                              = 1610612736                                {product} {command line}
   size_t MaxNewSize                               = 965738496                                 {product} {ergonomic}
   size_t MinHeapDeltaBytes                        = 1048576                                   {product} {ergonomic}
   size_t MinHeapSize                              = 8388608                                   {product} {ergonomic}
    uintx NonNMethodCodeHeapSize                   = 5832780                                {pd product} {ergonomic}
    uintx NonProfiledCodeHeapSize                  = 122912730                              {pd product} {ergonomic}
    uintx ProfiledCodeHeapSize                     = 122912730                              {pd product} {ergonomic}
    uintx ReservedCodeCacheSize                    = 251658240                              {pd product} {ergonomic}
     bool SegmentedCodeCache                       = true                                      {product} {ergonomic}
   size_t SoftMaxHeapSize                          = 1610612736                             {manageable} {ergonomic}
     bool UseCompressedOops                        = true                           {product lp64_product} {ergonomic}
     bool UseG1GC                                  = true                                      {product} {ergonomic}
     bool UseLargePagesIndividualAllocation        = false                                  {pd product} {ergonomic}

Logging:
Log output configuration:
 #0: stdout all=warning uptime,level,tags foldmultilines=false
 #1: stderr all=off uptime,level,tags foldmultilines=false

Release file:
JAVA_VERSION="21.0.11" 
MODULES="java.base java.compiler java.datatransfer java.xml java.prefs java.desktop java.instrument java.logging java.management java.security.sasl java.naming java.rmi java.management.rmi java.net.http java.scripting java.security.jgss java.transaction.xa java.sql java.sql.rowset java.xml.crypto java.se java.smartcardio jdk.accessibility jdk.internal.jvmstat jdk.attach jdk.charsets jdk.internal.opt jdk.zipfs jdk.compiler jdk.crypto.ec jdk.crypto.cryptoki jdk.crypto.mscapi jdk.dynalink jdk.internal.ed jdk.editpad jdk.hotspot.agent jdk.httpserver jdk.internal.le jdk.internal.vm.ci jdk.internal.vm.compiler jdk.internal.vm.compiler.management jdk.jartool jdk.javadoc jdk.jcmd jdk.management jdk.management.agent jdk.jconsole jdk.jdeps jdk.jdwp.agent jdk.jdi jdk.jfr jdk.jshell jdk.jsobject jdk.jstatd jdk.localedata jdk.management.jfr jdk.naming.dns jdk.naming.rmi jdk.net jdk.nio.mapmode jdk.random jdk.sctp jdk.security.auth jdk.security.jgss jdk.unsupported jdk.unsupported.desktop jdk.xml.dom" 

Environment Variables:
JAVA_HOME=C:\Program Files\Eclipse Adoptium\jdk-21.0.12.8-hotspot
PATH=C:\Program Files\Eclipse Adoptium\jdk-21.0.12.8-hotspot\bin;C:\Program Files (x86)\Common Files\Oracle\Java\javapath;C:\Windows\system32;C:\Windows;C:\Windows\System32\Wbem;C:\Windows\System32\WindowsPowerShell\v1.0\;C:\Windows\System32\OpenSSH\;C:\php-8.3.9;C:\Program Files\Git\cmd;C:\ProgramData\ComposerSetup\bin;D:\Applikasi\PuTTY\;%NVM_HOME%;%NVM_SYMLINK%;%JAVA_HOME%\bin;C:\Users\NukamiZe\AppData\Local\Microsoft\WindowsApps;C:\Users\NukamiZe\AppData\Local\Microsoft VS Code\bin;C:\Users\NukamiZe\AppData\Local\GitHubDesktop\bin;C:\Users\NukamiZe\AppData\Roaming\Composer\vendor\bin;C:\Users\NukamiZe\AppData\Roaming\npm;C:\Users\NukamiZe\AppData\Local\nvm;C:\nvm4w\nodejs;
USERNAME=NukamiZe
OS=Windows_NT
PROCESSOR_IDENTIFIER=Intel64 Family 6 Model 142 Stepping 10, GenuineIntel
TMP=C:\Users\NukamiZe\AppData\Local\Temp
TEMP=C:\Users\NukamiZe\AppData\Local\Temp




Periodic native trim disabled

---------------  S Y S T E M  ---------------

OS:
 Windows 10 , 64 bit Build 19041 (10.0.19041.5915)
OS uptime: 6 days 16:30 hours

CPU: total 4 (initial active 4) (2 cores per cpu, 2 threads per core) family 6 model 142 stepping 10 microcode 0xe0, cx8, cmov, fxsr, ht, mmx, 3dnowpref, sse, sse2, sse3, ssse3, sse4.1, sse4.2, popcnt, lzcnt, tsc, tscinvbit, avx, avx2, aes, erms, clmul, bmi1, bmi2, adx, fma, vzeroupper, clflush, clflushopt, rdtscp, f16c
Processor Information for the first 4 processors :
  Max Mhz: 2304, Current Mhz: 2304, Mhz Limit: 2304

Memory: 4k page, system-wide physical 8060M (2776M free)
TotalPageFile size 20348M (AvailPageFile size 4M)
current process WorkingSet (physical memory assigned to process): 258M, peak: 437M
current process commit charge ("private bytes"): 492M, peak: 499M

vm_info: OpenJDK 64-Bit Server VM (21.0.11+10-LTS) for windows-amd64 JRE (21.0.11+10-LTS), built on 2026-04-21T00:00:00Z by "admin" with MS VC++ 17.12 (VS2022)

END.
