#
# There is insufficient memory for the Java Runtime Environment to continue.
# Native memory allocation (malloc) failed to allocate 1048576 bytes. Error detail: AllocateHeap
# Possible reasons:
#   The system is out of physical RAM or swap space
#   This process is running with CompressedOops enabled, and the Java Heap may be blocking the growth of the native heap
# Possible solutions:
#   Reduce memory load on the system
#   Increase physical memory or swap space
#   Check if swap backing store is full
#   Decrease Java heap size (-Xmx/-Xms)
#   Decrease number of Java threads
#   Decrease Java thread stack sizes (-Xss)
#   Set larger code cache with -XX:ReservedCodeCacheSize=
#   JVM is running with Unscaled Compressed Oops mode in which the Java heap is
#     placed in the first 4GB address space. The Java Heap base address is the
#     maximum limit for the native heap growth. Please use -XX:HeapBaseMinAddress
#     to set the Java Heap base and to place the Java Heap above 4GB virtual address.
# This output file may be truncated or incomplete.
#
#  Out of Memory Error (allocation.cpp:44), pid=14392, tid=9744
#
# JRE version: OpenJDK Runtime Environment Temurin-21.0.11+10 (21.0.11+10) (build 21.0.11+10-LTS)
# Java VM: OpenJDK 64-Bit Server VM Temurin-21.0.11+10 (21.0.11+10-LTS, mixed mode, sharing, tiered, compressed oops, compressed class ptrs, parallel gc, windows-amd64)
# No core dump will be written. Minidumps are not enabled by default on client versions of Windows
#

---------------  S U M M A R Y ------------

Command Line: --add-modules=ALL-SYSTEM --add-opens=java.base/java.util=ALL-UNNAMED --add-opens=java.base/java.lang=ALL-UNNAMED --add-opens=java.base/sun.nio.fs=ALL-UNNAMED -Declipse.application=org.eclipse.jdt.ls.core.id1 -Dosgi.bundles.defaultStartLevel=4 -Declipse.product=org.eclipse.jdt.ls.core.product -Djava.import.generatesMetadataFilesAtProjectRoot=false -DDetectVMInstallationsJob.disabled=true -Dfile.encoding=utf8 -XX:+UseParallelGC -XX:GCTimeRatio=4 -XX:AdaptiveSizePolicyWeight=90 -Dsun.zip.disableMemoryMapping=true -Xmx2G -Xms100m -Xlog:disable -javaagent:c:\Users\NukamiZe\.vscode\extensions\redhat.java-1.55.0-win32-x64\lombok\lombok-1.18.39-4050.jar -XX:+HeapDumpOnOutOfMemoryError -XX:HeapDumpPath=c:\Users\NukamiZe\AppData\Roaming\Code\User\workspaceStorage\528c29650bfbe70090089cfc962f8f7d\redhat.java -Daether.dependencyCollector.impl=bf c:\Users\NukamiZe\.vscode\extensions\redhat.java-1.55.0-win32-x64\server\plugins\org.eclipse.equinox.launcher_1.7.200.v20260619-2039.jar -configuration c:\Users\NukamiZe\AppData\Roaming\Code\User\globalStorage\redhat.java\1.55.0\config_win -data c:\Users\NukamiZe\AppData\Roaming\Code\User\workspaceStorage\528c29650bfbe70090089cfc962f8f7d\redhat.java\jdt_ws --pipe=\\.\pipe\lsp-43d70c63dfdcd33ecf733a1bfd257366-sock

Host: Intel(R) Core(TM) i3-7020U CPU @ 2.30GHz, 4 cores, 7G,  Windows 10 , 64 bit Build 19041 (10.0.19041.5915)
Time: Mon Aug  3 12:17:54 2026 SE Asia Standard Time elapsed time: 252.409682 seconds (0d 0h 4m 12s)

---------------  T H R E A D  ---------------

Current thread (0x000002241c9fe2a0):  JavaThread "Attach Listener" daemon [_thread_in_vm, id=9744, stack(0x000000e4eec00000,0x000000e4eed00000) (1024K)]

Stack: [0x000000e4eec00000,0x000000e4eed00000]
Native frames: (J=compiled Java code, j=interpreted, Vv=VM code, C=native code)
V  [jvm.dll+0x6d7e19]
V  [jvm.dll+0x8b5096]
V  [jvm.dll+0x8b764e]
V  [jvm.dll+0x8b7d33]
V  [jvm.dll+0x284596]
V  [jvm.dll+0xc13c7]
V  [jvm.dll+0x6d86c9]
V  [jvm.dll+0x133616]
V  [jvm.dll+0x3f868e]
V  [jvm.dll+0x85fb0d]
V  [jvm.dll+0x6d664d]
C  [ucrtbase.dll+0x21bb2]
C  [KERNEL32.DLL+0x17374]
C  [ntdll.dll+0x4cc91]


---------------  P R O C E S S  ---------------

Threads class SMR info:
_java_thread_list=0x000002247a01ee80, length=38, elements={
0x000002241a8e52a0, 0x000002241c9f8990, 0x000002241c9f9fe0, 0x000002241c9fcc50,
0x000002241c9fe2a0, 0x000002241c9fef00, 0x000002241ca01bf0, 0x000002241ca02a30,
0x000002241ca77830, 0x00000224752e4230, 0x000002247536c520, 0x00000224759e6b50,
0x0000022475a878c0, 0x00000224755eeaa0, 0x00000224755eaa80, 0x00000224752e3a30,
0x000002247a844920, 0x00000224752b5020, 0x00000224752b4300, 0x00000224752b2230,
0x00000224752b56b0, 0x00000224752b2f50, 0x000002247582afd0, 0x000002247582eae0,
0x000002247582d730, 0x000002247582c380, 0x0000022475827b50, 0x000002247582f170,
0x000002247582ca10, 0x000002247582d0a0, 0x0000022475828f00, 0x000002247582a940,
0x000002247582b660, 0x000002247dbf8b70, 0x000002247dbf9f20, 0x000002247dbf9200,
0x000002247dbfb960, 0x000002247dbfa5b0
}

Java Threads: ( => current thread )
  0x000002241a8e52a0 JavaThread "main"                              [_thread_blocked, id=6020, stack(0x000000e4ee500000,0x000000e4ee600000) (1024K)]
  0x000002241c9f8990 JavaThread "Reference Handler"          daemon [_thread_blocked, id=14596, stack(0x000000e4ee900000,0x000000e4eea00000) (1024K)]
  0x000002241c9f9fe0 JavaThread "Finalizer"                  daemon [_thread_blocked, id=8768, stack(0x000000e4eea00000,0x000000e4eeb00000) (1024K)]
  0x000002241c9fcc50 JavaThread "Signal Dispatcher"          daemon [_thread_blocked, id=13724, stack(0x000000e4eeb00000,0x000000e4eec00000) (1024K)]
=>0x000002241c9fe2a0 JavaThread "Attach Listener"            daemon [_thread_in_vm, id=9744, stack(0x000000e4eec00000,0x000000e4eed00000) (1024K)]
  0x000002241c9fef00 JavaThread "Service Thread"             daemon [_thread_blocked, id=9780, stack(0x000000e4eed00000,0x000000e4eee00000) (1024K)]
  0x000002241ca01bf0 JavaThread "Monitor Deflation Thread"   daemon [_thread_blocked, id=13160, stack(0x000000e4eee00000,0x000000e4eef00000) (1024K)]
  0x000002241ca02a30 JavaThread "C2 CompilerThread0"         daemon [_thread_blocked, id=13684, stack(0x000000e4eef00000,0x000000e4ef000000) (1024K)]
  0x000002241ca77830 JavaThread "C1 CompilerThread0"         daemon [_thread_blocked, id=15204, stack(0x000000e4ef000000,0x000000e4ef100000) (1024K)]
  0x00000224752e4230 JavaThread "Common-Cleaner"             daemon [_thread_blocked, id=12044, stack(0x000000e4ef100000,0x000000e4ef200000) (1024K)]
  0x000002247536c520 JavaThread "Notification Thread"        daemon [_thread_blocked, id=13232, stack(0x000000e4ef200000,0x000000e4ef300000) (1024K)]
  0x00000224759e6b50 JavaThread "Active Thread: Equinox Container: 3a673bab-10d8-49fd-b0fe-65d2b418aeda"        [_thread_blocked, id=9740, stack(0x000000e4ef700000,0x000000e4ef800000) (1024K)]
  0x0000022475a878c0 JavaThread "Refresh Thread: Equinox Container: 3a673bab-10d8-49fd-b0fe-65d2b418aeda" daemon [_thread_blocked, id=9732, stack(0x000000e4ef600000,0x000000e4ef700000) (1024K)]
  0x00000224755eeaa0 JavaThread "Framework Event Dispatcher: Equinox Container: 3a673bab-10d8-49fd-b0fe-65d2b418aeda" daemon [_thread_blocked, id=10608, stack(0x000000e4ef800000,0x000000e4ef900000) (1024K)]
  0x00000224755eaa80 JavaThread "Start Level: Equinox Container: 3a673bab-10d8-49fd-b0fe-65d2b418aeda" daemon [_thread_blocked, id=9556, stack(0x000000e4ef900000,0x000000e4efa00000) (1024K)]
  0x00000224752e3a30 JavaThread "Bundle File Closer"         daemon [_thread_blocked, id=14632, stack(0x000000e4efa00000,0x000000e4efb00000) (1024K)]
  0x000002247a844920 JavaThread "SCR Component Actor"        daemon [_thread_blocked, id=11544, stack(0x000000e4ee300000,0x000000e4ee400000) (1024K)]
  0x00000224752b5020 JavaThread "Worker-JM"                         [_thread_blocked, id=7620, stack(0x000000e4ee400000,0x000000e4ee500000) (1024K)]
  0x00000224752b4300 JavaThread "JNA Cleaner"                daemon [_thread_blocked, id=7244, stack(0x000000e4efd00000,0x000000e4efe00000) (1024K)]
  0x00000224752b2230 JavaThread "Worker-0"                          [_thread_blocked, id=2972, stack(0x000000e4eff00000,0x000000e4f0000000) (1024K)]
  0x00000224752b56b0 JavaThread "Worker-2"                          [_thread_blocked, id=5828, stack(0x000000e4efe00000,0x000000e4eff00000) (1024K)]
  0x00000224752b2f50 JavaThread "Java indexing"              daemon [_thread_blocked, id=8960, stack(0x000000e4f0300000,0x000000e4f0400000) (1024K)]
  0x000002247582afd0 JavaThread "Worker-5: Initialize workspace"        [_thread_blocked, id=14620, stack(0x000000e4f0500000,0x000000e4f0600000) (1024K)]
  0x000002247582eae0 JavaThread "Thread-1"                   daemon [_thread_in_native, id=2840, stack(0x000000e4f0700000,0x000000e4f0800000) (1024K)]
  0x000002247582d730 JavaThread "Thread-2"                   daemon [_thread_in_native, id=5744, stack(0x000000e4f0800000,0x000000e4f0900000) (1024K)]
  0x000002247582c380 JavaThread "Thread-3"                   daemon [_thread_in_native, id=13620, stack(0x000000e4f0900000,0x000000e4f0a00000) (1024K)]
  0x0000022475827b50 JavaThread "Thread-4"                   daemon [_thread_in_native, id=9428, stack(0x000000e4f0a00000,0x000000e4f0b00000) (1024K)]
  0x000002247582f170 JavaThread "Thread-5"                   daemon [_thread_in_native, id=3884, stack(0x000000e4f0b00000,0x000000e4f0c00000) (1024K)]
  0x000002247582ca10 JavaThread "pool-2-thread-1"                   [_thread_blocked, id=14256, stack(0x000000e4f0c00000,0x000000e4f0d00000) (1024K)]
  0x000002247582d0a0 JavaThread "WorkspaceEventsHandler"            [_thread_blocked, id=8996, stack(0x000000e4f0d00000,0x000000e4f0e00000) (1024K)]
  0x0000022475828f00 JavaThread "pool-1-thread-1"                   [_thread_blocked, id=8352, stack(0x000000e4f0e00000,0x000000e4f0f00000) (1024K)]
  0x000002247582a940 JavaThread "PatternSearchJob-worker-1"  daemon [_thread_blocked, id=592, stack(0x000000e4f1100000,0x000000e4f1200000) (1024K)]
  0x000002247582b660 JavaThread "PatternSearchJob-worker-2"  daemon [_thread_blocked, id=12624, stack(0x000000e4f1200000,0x000000e4f1300000) (1024K)]
  0x000002247dbf8b70 JavaThread "LocalFile Deleter"          daemon [_thread_blocked, id=7800, stack(0x000000e4f0200000,0x000000e4f0300000) (1024K)]
  0x000002247dbf9f20 JavaThread "LocalFile Deleter"          daemon [_thread_blocked, id=8100, stack(0x000000e4f1300000,0x000000e4f1400000) (1024K)]
  0x000002247dbf9200 JavaThread "Timer-0"                           [_thread_blocked, id=3004, stack(0x000000e4f1700000,0x000000e4f1800000) (1024K)]
  0x000002247dbfb960 JavaThread "ForkJoinPool.commonPool-worker-3" daemon [_thread_blocked, id=12820, stack(0x000000e4f1c00000,0x000000e4f1d00000) (1024K)]
  0x000002247dbfa5b0 JavaThread "Connection worker"                 [_thread_in_native, id=10560, stack(0x000000e4efb00000,0x000000e4efc00000) (1024K)]
Total: 38

Other Threads:
  0x000002241c9dc5d0 VMThread "VM Thread"                           [id=8228, stack(0x000000e4ee800000,0x000000e4ee900000) (1024K)]
  0x000002241cbd37c0 WatcherThread "VM Periodic Task Thread"        [id=14656, stack(0x000000e4ee700000,0x000000e4ee800000) (1024K)]
  0x000002241cb2e200 WorkerThread "GC Thread#0"                     [id=3404, stack(0x000000e4ee600000,0x000000e4ee700000) (1024K)]
  0x00000224758bb8a0 WorkerThread "GC Thread#1"                     [id=14016, stack(0x000000e4ef300000,0x000000e4ef400000) (1024K)]
  0x00000224758ba9e0 WorkerThread "GC Thread#2"                     [id=13972, stack(0x000000e4ef400000,0x000000e4ef500000) (1024K)]
  0x00000224759f7050 WorkerThread "GC Thread#3"                     [id=3880, stack(0x000000e4ef500000,0x000000e4ef600000) (1024K)]
Total: 6

Threads with active compile tasks:
Total: 0

VM state: not at safepoint (normal execution)

VM Mutex/Monitor currently owned by a thread: None

Heap address: 0x0000000080000000, size: 2048 MB, Compressed Oops mode: 32-bit

CDS archive(s) mapped at: [0x0000022434000000-0x0000022434ba0000-0x0000022434ba0000), size 12189696, SharedBaseAddress: 0x0000022434000000, ArchiveRelocationMode: 1.
Compressed class space mapped at: 0x0000022435000000-0x0000022475000000, reserved size: 1073741824
Narrow klass base: 0x0000022434000000, Narrow klass shift: 0, Narrow klass range: 0x100000000

GC Precious Log:
 CardTable entry size: 512
 CPUs: 4 total, 4 available
 Memory: 8060M
 Large Page Support: Disabled
 NUMA Support: Disabled
 Compressed Oops: Enabled (32-bit)
 Alignments: Space 512K, Generation 512K, Heap 2M
 Heap Min Capacity: 100M
 Heap Initial Capacity: 100M
 Heap Max Capacity: 2G
 Pre-touch: Disabled
 Parallel Workers: 4

Heap:
 PSYoungGen      total 23040K, used 724K [0x00000000d5580000, 0x00000000d7000000, 0x0000000100000000)
  eden space 22016K, 0% used [0x00000000d5580000,0x00000000d559d338,0x00000000d6b00000)
  from space 1024K, 59% used [0x00000000d6f00000,0x00000000d6f98010,0x00000000d7000000)
  to   space 1536K, 0% used [0x00000000d6d00000,0x00000000d6d00000,0x00000000d6e80000)
 ParOldGen       total 68608K, used 55943K [0x0000000080000000, 0x0000000084300000, 0x00000000d5580000)
  object space 68608K, 81% used [0x0000000080000000,0x00000000836a1d40,0x0000000084300000)
 Metaspace       used 66098K, committed 67648K, reserved 1114112K
  class space    used 7878K, committed 8576K, reserved 1048576K

Card table byte_map: [0x000002241c4c0000,0x000002241c8d0000] _byte_map_base: 0x000002241c0c0000

Marking Bits: (ParMarkBitMap*) 0x00007ffe0c2f4460
 Begin Bits: [0x000002242efd0000, 0x0000022430fd0000)
 End Bits:   [0x0000022430fd0000, 0x0000022432fd0000)

Polling page: 0x000002241a9b0000

Metaspace:

Usage:
  Non-class:     56.86 MB used.
      Class:      7.69 MB used.
       Both:     64.55 MB used.

Virtual space:
  Non-class space:       64.00 MB reserved,      57.69 MB ( 90%) committed,  1 nodes.
      Class space:        1.00 GB reserved,       8.38 MB ( <1%) committed,  1 nodes.
             Both:        1.06 GB reserved,      66.06 MB (  6%) committed. 

Chunk freelists:
   Non-Class:  5.77 MB
       Class:  7.60 MB
        Both:  13.36 MB

MaxMetaspaceSize: unlimited
CompressedClassSpaceSize: 1.00 GB
Initial GC threshold: 21.00 MB
Current GC threshold: 97.31 MB
CDS: on
 - commit_granule_bytes: 65536.
 - commit_granule_words: 8192.
 - virtual_space_node_default_size: 8388608.
 - enlarge_chunks_in_place: 1.
 - use_allocation_guard: 0.


Internal statistics:

num_allocs_failed_limit: 9.
num_arena_births: 1258.
num_arena_deaths: 18.
num_vsnodes_births: 2.
num_vsnodes_deaths: 0.
num_space_committed: 1057.
num_space_uncommitted: 0.
num_chunks_returned_to_freelist: 29.
num_chunks_taken_from_freelist: 4057.
num_chunk_merges: 12.
num_chunk_splits: 2549.
num_chunks_enlarged: 1538.
num_inconsistent_stats: 0.

CodeHeap 'non-profiled nmethods': size=120000Kb used=5520Kb max_used=5520Kb free=114479Kb
 bounds [0x00000224277f0000, 0x0000022427d60000, 0x000002242ed20000]
CodeHeap 'profiled nmethods': size=120000Kb used=16492Kb max_used=16492Kb free=103507Kb
 bounds [0x000002241fd20000, 0x0000022420d40000, 0x0000022427250000]
CodeHeap 'non-nmethods': size=5760Kb used=1442Kb max_used=1498Kb free=4317Kb
 bounds [0x0000022427250000, 0x00000224274c0000, 0x00000224277f0000]
CodeCache: size=245760Kb, used=23454Kb, max_used=23510Kb, free=222303Kb
 total_blobs=8792, nmethods=8038, adapters=660, full_count=0
Compilation: enabled, stopped_count=0, restarted_count=0

Compilation events (20 events):
Event: 240.831 Thread 0x000002241ca02a30 8805       4       com.esotericsoftware.kryo.io.Output::writeString (125 bytes)
Event: 240.843 Thread 0x000002241ca02a30 nmethod 8805 0x0000022427d52a10 code [0x0000022427d52c00, 0x0000022427d52fa0]
Event: 241.234 Thread 0x000002241ca77830 8806       3       org.gradle.internal.io.BufferCaster::cast (2 bytes)
Event: 241.234 Thread 0x000002241ca77830 nmethod 8806 0x0000022420d38610 code [0x0000022420d387a0, 0x0000022420d38890]
Event: 241.260 Thread 0x000002241ca77830 8807       1       sun.nio.ch.SelectionKeyImpl::nioInterestOps (5 bytes)
Event: 241.260 Thread 0x000002241ca77830 nmethod 8807 0x0000022427d53310 code [0x0000022427d534a0, 0x0000022427d53568]
Event: 241.261 Thread 0x000002241ca77830 8808       3       java.nio.channels.spi.AbstractSelector::isOpen (13 bytes)
Event: 241.261 Thread 0x000002241ca77830 nmethod 8808 0x0000022420d38910 code [0x0000022420d38aa0, 0x0000022420d38c00]
Event: 241.446 Thread 0x000002241ca77830 8810   !   3       sun.nio.ch.SelectorImpl::processDeregisterQueue (145 bytes)
Event: 241.448 Thread 0x000002241ca77830 nmethod 8810 0x0000022420d38c90 code [0x0000022420d38f40, 0x0000022420d39f48]
Event: 241.448 Thread 0x000002241ca77830 8811       1       sun.nio.ch.SelectionKeyImpl::nioReadyOps (6 bytes)
Event: 241.448 Thread 0x000002241ca77830 nmethod 8811 0x0000022427d53a10 code [0x0000022427d53ba0, 0x0000022427d53c70]
Event: 242.487 Thread 0x000002241ca77830 8812       3       com.esotericsoftware.kryo.io.Input::readUtf8 (90 bytes)
Event: 242.488 Thread 0x000002241ca77830 nmethod 8812 0x0000022420d3a610 code [0x0000022420d3a800, 0x0000022420d3abf8]
Event: 242.664 Thread 0x000002241ca77830 8813       1       org.gradle.internal.logging.events.ProgressStartEvent::isBuildOperationStart (5 bytes)
Event: 242.664 Thread 0x000002241ca77830 nmethod 8813 0x0000022427d53d10 code [0x0000022427d53ea0, 0x0000022427d53f70]
Event: 242.664 Thread 0x000002241ca77830 8814       1       org.gradle.internal.logging.events.ProgressStartEvent::getProgressOperationId (5 bytes)
Event: 242.665 Thread 0x000002241ca77830 nmethod 8814 0x0000022427d54010 code [0x0000022427d541a0, 0x0000022427d54268]
Event: 243.344 Thread 0x000002241ca77830 8815       3       org.gradle.internal.logging.events.ProgressCompleteEvent::getLogLevel (4 bytes)
Event: 243.345 Thread 0x000002241ca77830 nmethod 8815 0x0000022420d3ae10 code [0x0000022420d3afa0, 0x0000022420d3b0b8]

GC Heap History (20 events):
Event: 104.361 GC heap before
{Heap before GC invocations=34 (full 3):
 PSYoungGen      total 23040K, used 22592K [0x00000000d5580000, 0x00000000d7500000, 0x0000000100000000)
  eden space 22016K, 100% used [0x00000000d5580000,0x00000000d6b00000,0x00000000d6b00000)
  from space 1024K, 56% used [0x00000000d7400000,0x00000000d7490000,0x00000000d7500000)
  to   space 1024K, 0% used [0x00000000d7300000,0x00000000d7300000,0x00000000d7400000)
 ParOldGen       total 68608K, used 41776K [0x0000000080000000, 0x0000000084300000, 0x00000000d5580000)
  object space 68608K, 60% used [0x0000000080000000,0x00000000828cc388,0x0000000084300000)
 Metaspace       used 60259K, committed 61504K, reserved 1114112K
  class space    used 7147K, committed 7680K, reserved 1048576K
}
Event: 104.365 GC heap after
{Heap after GC invocations=34 (full 3):
 PSYoungGen      total 23040K, used 128K [0x00000000d5580000, 0x00000000d7480000, 0x0000000100000000)
  eden space 22016K, 0% used [0x00000000d5580000,0x00000000d5580000,0x00000000d6b00000)
  from space 1024K, 12% used [0x00000000d7300000,0x00000000d7320000,0x00000000d7400000)
  to   space 512K, 0% used [0x00000000d7400000,0x00000000d7400000,0x00000000d7480000)
 ParOldGen       total 68608K, used 42296K [0x0000000080000000, 0x0000000084300000, 0x00000000d5580000)
  object space 68608K, 61% used [0x0000000080000000,0x000000008294e098,0x0000000084300000)
 Metaspace       used 60259K, committed 61504K, reserved 1114112K
  class space    used 7147K, committed 7680K, reserved 1048576K
}
Event: 105.866 GC heap before
{Heap before GC invocations=35 (full 3):
 PSYoungGen      total 23040K, used 22144K [0x00000000d5580000, 0x00000000d7480000, 0x0000000100000000)
  eden space 22016K, 100% used [0x00000000d5580000,0x00000000d6b00000,0x00000000d6b00000)
  from space 1024K, 12% used [0x00000000d7300000,0x00000000d7320000,0x00000000d7400000)
  to   space 512K, 0% used [0x00000000d7400000,0x00000000d7400000,0x00000000d7480000)
 ParOldGen       total 68608K, used 42296K [0x0000000080000000, 0x0000000084300000, 0x00000000d5580000)
  object space 68608K, 61% used [0x0000000080000000,0x000000008294e098,0x0000000084300000)
 Metaspace       used 60261K, committed 61504K, reserved 1114112K
  class space    used 7148K, committed 7680K, reserved 1048576K
}
Event: 105.867 GC heap after
{Heap after GC invocations=35 (full 3):
 PSYoungGen      total 22528K, used 128K [0x00000000d5580000, 0x00000000d7480000, 0x0000000100000000)
  eden space 22016K, 0% used [0x00000000d5580000,0x00000000d5580000,0x00000000d6b00000)
  from space 512K, 25% used [0x00000000d7400000,0x00000000d7420000,0x00000000d7480000)
  to   space 512K, 0% used [0x00000000d7380000,0x00000000d7380000,0x00000000d7400000)
 ParOldGen       total 68608K, used 42320K [0x0000000080000000, 0x0000000084300000, 0x00000000d5580000)
  object space 68608K, 61% used [0x0000000080000000,0x0000000082954098,0x0000000084300000)
 Metaspace       used 60261K, committed 61504K, reserved 1114112K
  class space    used 7148K, committed 7680K, reserved 1048576K
}
Event: 107.226 GC heap before
{Heap before GC invocations=36 (full 3):
 PSYoungGen      total 22528K, used 22144K [0x00000000d5580000, 0x00000000d7480000, 0x0000000100000000)
  eden space 22016K, 100% used [0x00000000d5580000,0x00000000d6b00000,0x00000000d6b00000)
  from space 512K, 25% used [0x00000000d7400000,0x00000000d7420000,0x00000000d7480000)
  to   space 512K, 0% used [0x00000000d7380000,0x00000000d7380000,0x00000000d7400000)
 ParOldGen       total 68608K, used 42320K [0x0000000080000000, 0x0000000084300000, 0x00000000d5580000)
  object space 68608K, 61% used [0x0000000080000000,0x0000000082954098,0x0000000084300000)
 Metaspace       used 61987K, committed 63488K, reserved 1114112K
  class space    used 7337K, committed 8000K, reserved 1048576K
}
Event: 107.230 GC heap after
{Heap after GC invocations=36 (full 3):
 PSYoungGen      total 22528K, used 488K [0x00000000d5580000, 0x00000000d7480000, 0x0000000100000000)
  eden space 22016K, 0% used [0x00000000d5580000,0x00000000d5580000,0x00000000d6b00000)
  from space 512K, 95% used [0x00000000d7380000,0x00000000d73fa1b8,0x00000000d7400000)
  to   space 512K, 0% used [0x00000000d7400000,0x00000000d7400000,0x00000000d7480000)
 ParOldGen       total 68608K, used 42440K [0x0000000080000000, 0x0000000084300000, 0x00000000d5580000)
  object space 68608K, 61% used [0x0000000080000000,0x0000000082972098,0x0000000084300000)
 Metaspace       used 61987K, committed 63488K, reserved 1114112K
  class space    used 7337K, committed 8000K, reserved 1048576K
}
Event: 108.650 GC heap before
{Heap before GC invocations=37 (full 3):
 PSYoungGen      total 22528K, used 22504K [0x00000000d5580000, 0x00000000d7480000, 0x0000000100000000)
  eden space 22016K, 100% used [0x00000000d5580000,0x00000000d6b00000,0x00000000d6b00000)
  from space 512K, 95% used [0x00000000d7380000,0x00000000d73fa1b8,0x00000000d7400000)
  to   space 512K, 0% used [0x00000000d7400000,0x00000000d7400000,0x00000000d7480000)
 ParOldGen       total 68608K, used 42440K [0x0000000080000000, 0x0000000084300000, 0x00000000d5580000)
  object space 68608K, 61% used [0x0000000080000000,0x0000000082972098,0x0000000084300000)
 Metaspace       used 62295K, committed 63744K, reserved 1114112K
  class space    used 7349K, committed 8000K, reserved 1048576K
}
Event: 108.661 GC heap after
{Heap after GC invocations=37 (full 3):
 PSYoungGen      total 22528K, used 480K [0x00000000d5580000, 0x00000000d7480000, 0x0000000100000000)
  eden space 22016K, 0% used [0x00000000d5580000,0x00000000d5580000,0x00000000d6b00000)
  from space 512K, 93% used [0x00000000d7400000,0x00000000d7478030,0x00000000d7480000)
  to   space 3584K, 0% used [0x00000000d6d80000,0x00000000d6d80000,0x00000000d7100000)
 ParOldGen       total 68608K, used 44812K [0x0000000080000000, 0x0000000084300000, 0x00000000d5580000)
  object space 68608K, 65% used [0x0000000080000000,0x0000000082bc32b0,0x0000000084300000)
 Metaspace       used 62295K, committed 63744K, reserved 1114112K
  class space    used 7349K, committed 8000K, reserved 1048576K
}
Event: 109.498 GC heap before
{Heap before GC invocations=38 (full 3):
 PSYoungGen      total 22528K, used 22496K [0x00000000d5580000, 0x00000000d7480000, 0x0000000100000000)
  eden space 22016K, 100% used [0x00000000d5580000,0x00000000d6b00000,0x00000000d6b00000)
  from space 512K, 93% used [0x00000000d7400000,0x00000000d7478030,0x00000000d7480000)
  to   space 3584K, 0% used [0x00000000d6d80000,0x00000000d6d80000,0x00000000d7100000)
 ParOldGen       total 68608K, used 44812K [0x0000000080000000, 0x0000000084300000, 0x00000000d5580000)
  object space 68608K, 65% used [0x0000000080000000,0x0000000082bc32b0,0x0000000084300000)
 Metaspace       used 62702K, committed 64128K, reserved 1114112K
  class space    used 7409K, committed 8064K, reserved 1048576K
}
Event: 109.509 GC heap after
{Heap after GC invocations=38 (full 3):
 PSYoungGen      total 25600K, used 2609K [0x00000000d5580000, 0x00000000d7480000, 0x0000000100000000)
  eden space 22016K, 0% used [0x00000000d5580000,0x00000000d5580000,0x00000000d6b00000)
  from space 3584K, 72% used [0x00000000d6d80000,0x00000000d700c420,0x00000000d7100000)
  to   space 3072K, 0% used [0x00000000d7180000,0x00000000d7180000,0x00000000d7480000)
 ParOldGen       total 68608K, used 45236K [0x0000000080000000, 0x0000000084300000, 0x00000000d5580000)
  object space 68608K, 65% used [0x0000000080000000,0x0000000082c2d2d0,0x0000000084300000)
 Metaspace       used 62702K, committed 64128K, reserved 1114112K
  class space    used 7409K, committed 8064K, reserved 1048576K
}
Event: 110.017 GC heap before
{Heap before GC invocations=39 (full 3):
 PSYoungGen      total 25600K, used 24625K [0x00000000d5580000, 0x00000000d7480000, 0x0000000100000000)
  eden space 22016K, 100% used [0x00000000d5580000,0x00000000d6b00000,0x00000000d6b00000)
  from space 3584K, 72% used [0x00000000d6d80000,0x00000000d700c420,0x00000000d7100000)
  to   space 3072K, 0% used [0x00000000d7180000,0x00000000d7180000,0x00000000d7480000)
 ParOldGen       total 68608K, used 45236K [0x0000000080000000, 0x0000000084300000, 0x00000000d5580000)
  object space 68608K, 65% used [0x0000000080000000,0x0000000082c2d2d0,0x0000000084300000)
 Metaspace       used 62714K, committed 64192K, reserved 1114112K
  class space    used 7409K, committed 8064K, reserved 1048576K
}
Event: 110.028 GC heap after
{Heap after GC invocations=39 (full 3):
 PSYoungGen      total 24576K, used 2498K [0x00000000d5580000, 0x00000000d7400000, 0x0000000100000000)
  eden space 22016K, 0% used [0x00000000d5580000,0x00000000d5580000,0x00000000d6b00000)
  from space 2560K, 97% used [0x00000000d7180000,0x00000000d73f0800,0x00000000d7400000)
  to   space 2560K, 0% used [0x00000000d6f00000,0x00000000d6f00000,0x00000000d7180000)
 ParOldGen       total 68608K, used 47663K [0x0000000080000000, 0x0000000084300000, 0x00000000d5580000)
  object space 68608K, 69% used [0x0000000080000000,0x0000000082e8bfc0,0x0000000084300000)
 Metaspace       used 62714K, committed 64192K, reserved 1114112K
  class space    used 7409K, committed 8064K, reserved 1048576K
}
Event: 110.250 GC heap before
{Heap before GC invocations=40 (full 3):
 PSYoungGen      total 24576K, used 24514K [0x00000000d5580000, 0x00000000d7400000, 0x0000000100000000)
  eden space 22016K, 100% used [0x00000000d5580000,0x00000000d6b00000,0x00000000d6b00000)
  from space 2560K, 97% used [0x00000000d7180000,0x00000000d73f0800,0x00000000d7400000)
  to   space 2560K, 0% used [0x00000000d6f00000,0x00000000d6f00000,0x00000000d7180000)
 ParOldGen       total 68608K, used 47663K [0x0000000080000000, 0x0000000084300000, 0x00000000d5580000)
  object space 68608K, 69% used [0x0000000080000000,0x0000000082e8bfc0,0x0000000084300000)
 Metaspace       used 62718K, committed 64192K, reserved 1114112K
  class space    used 7410K, committed 8064K, reserved 1048576K
}
Event: 110.261 GC heap after
{Heap after GC invocations=40 (full 3):
 PSYoungGen      total 24576K, used 2532K [0x00000000d5580000, 0x00000000d7200000, 0x0000000100000000)
  eden space 22016K, 0% used [0x00000000d5580000,0x00000000d5580000,0x00000000d6b00000)
  from space 2560K, 98% used [0x00000000d6f00000,0x00000000d7179000,0x00000000d7180000)
  to   space 512K, 0% used [0x00000000d7180000,0x00000000d7180000,0x00000000d7200000)
 ParOldGen       total 68608K, used 49894K [0x0000000080000000, 0x0000000084300000, 0x00000000d5580000)
  object space 68608K, 72% used [0x0000000080000000,0x00000000830b9970,0x0000000084300000)
 Metaspace       used 62718K, committed 64192K, reserved 1114112K
  class space    used 7410K, committed 8064K, reserved 1048576K
}
Event: 110.819 GC heap before
{Heap before GC invocations=41 (full 3):
 PSYoungGen      total 24576K, used 24548K [0x00000000d5580000, 0x00000000d7200000, 0x0000000100000000)
  eden space 22016K, 100% used [0x00000000d5580000,0x00000000d6b00000,0x00000000d6b00000)
  from space 2560K, 98% used [0x00000000d6f00000,0x00000000d7179000,0x00000000d7180000)
  to   space 512K, 0% used [0x00000000d7180000,0x00000000d7180000,0x00000000d7200000)
 ParOldGen       total 68608K, used 49894K [0x0000000080000000, 0x0000000084300000, 0x00000000d5580000)
  object space 68608K, 72% used [0x0000000080000000,0x00000000830b9970,0x0000000084300000)
 Metaspace       used 62751K, committed 64192K, reserved 1114112K
  class space    used 7410K, committed 8064K, reserved 1048576K
}
Event: 110.833 GC heap after
{Heap after GC invocations=41 (full 3):
 PSYoungGen      total 22528K, used 512K [0x00000000d5580000, 0x00000000d7600000, 0x0000000100000000)
  eden space 22016K, 0% used [0x00000000d5580000,0x00000000d5580000,0x00000000d6b00000)
  from space 512K, 100% used [0x00000000d7180000,0x00000000d7200000,0x00000000d7200000)
  to   space 5632K, 0% used [0x00000000d6b00000,0x00000000d6b00000,0x00000000d7080000)
 ParOldGen       total 68608K, used 54168K [0x0000000080000000, 0x0000000084300000, 0x00000000d5580000)
  object space 68608K, 78% used [0x0000000080000000,0x00000000834e60a8,0x0000000084300000)
 Metaspace       used 62751K, committed 64192K, reserved 1114112K
  class space    used 7410K, committed 8064K, reserved 1048576K
}
Event: 111.799 GC heap before
{Heap before GC invocations=42 (full 3):
 PSYoungGen      total 22528K, used 22528K [0x00000000d5580000, 0x00000000d7600000, 0x0000000100000000)
  eden space 22016K, 100% used [0x00000000d5580000,0x00000000d6b00000,0x00000000d6b00000)
  from space 512K, 100% used [0x00000000d7180000,0x00000000d7200000,0x00000000d7200000)
  to   space 5632K, 0% used [0x00000000d6b00000,0x00000000d6b00000,0x00000000d7080000)
 ParOldGen       total 68608K, used 54168K [0x0000000080000000, 0x0000000084300000, 0x00000000d5580000)
  object space 68608K, 78% used [0x0000000080000000,0x00000000834e60a8,0x0000000084300000)
 Metaspace       used 64122K, committed 65600K, reserved 1114112K
  class space    used 7589K, committed 8256K, reserved 1048576K
}
Event: 111.804 GC heap after
{Heap after GC invocations=42 (full 3):
 PSYoungGen      total 23552K, used 1344K [0x00000000d5580000, 0x00000000d7200000, 0x0000000100000000)
  eden space 22016K, 0% used [0x00000000d5580000,0x00000000d5580000,0x00000000d6b00000)
  from space 1536K, 87% used [0x00000000d6b00000,0x00000000d6c50020,0x00000000d6c80000)
  to   space 3072K, 0% used [0x00000000d6f00000,0x00000000d6f00000,0x00000000d7200000)
 ParOldGen       total 68608K, used 54696K [0x0000000080000000, 0x0000000084300000, 0x00000000d5580000)
  object space 68608K, 79% used [0x0000000080000000,0x000000008356a0a8,0x0000000084300000)
 Metaspace       used 64122K, committed 65600K, reserved 1114112K
  class space    used 7589K, committed 8256K, reserved 1048576K
}
Event: 243.247 GC heap before
{Heap before GC invocations=43 (full 3):
 PSYoungGen      total 23552K, used 23360K [0x00000000d5580000, 0x00000000d7200000, 0x0000000100000000)
  eden space 22016K, 100% used [0x00000000d5580000,0x00000000d6b00000,0x00000000d6b00000)
  from space 1536K, 87% used [0x00000000d6b00000,0x00000000d6c50020,0x00000000d6c80000)
  to   space 3072K, 0% used [0x00000000d6f00000,0x00000000d6f00000,0x00000000d7200000)
 ParOldGen       total 68608K, used 54696K [0x0000000080000000, 0x0000000084300000, 0x00000000d5580000)
  object space 68608K, 79% used [0x0000000080000000,0x000000008356a0a8,0x0000000084300000)
 Metaspace       used 66098K, committed 67648K, reserved 1114112K
  class space    used 7878K, committed 8576K, reserved 1048576K
}
Event: 243.260 GC heap after
{Heap after GC invocations=43 (full 3):
 PSYoungGen      total 23040K, used 608K [0x00000000d5580000, 0x00000000d7000000, 0x0000000100000000)
  eden space 22016K, 0% used [0x00000000d5580000,0x00000000d5580000,0x00000000d6b00000)
  from space 1024K, 59% used [0x00000000d6f00000,0x00000000d6f98010,0x00000000d7000000)
  to   space 1536K, 0% used [0x00000000d6d00000,0x00000000d6d00000,0x00000000d6e80000)
 ParOldGen       total 68608K, used 55943K [0x0000000080000000, 0x0000000084300000, 0x00000000d5580000)
  object space 68608K, 81% used [0x0000000080000000,0x00000000836a1d40,0x0000000084300000)
 Metaspace       used 66098K, committed 67648K, reserved 1114112K
  class space    used 7878K, committed 8576K, reserved 1048576K
}

Dll operation events (15 events):
Event: 0.018 Loaded shared library c:\Users\NukamiZe\.vscode\extensions\redhat.java-1.55.0-win32-x64\jre\21.0.11-win32-x86_64\bin\java.dll
Event: 0.769 Loaded shared library c:\Users\NukamiZe\.vscode\extensions\redhat.java-1.55.0-win32-x64\jre\21.0.11-win32-x86_64\bin\zip.dll
Event: 0.843 Loaded shared library C:\Users\NukamiZe\.vscode\extensions\redhat.java-1.55.0-win32-x64\jre\21.0.11-win32-x86_64\bin\instrument.dll
Event: 0.852 Loaded shared library C:\Users\NukamiZe\.vscode\extensions\redhat.java-1.55.0-win32-x64\jre\21.0.11-win32-x86_64\bin\net.dll
Event: 0.980 Loaded shared library C:\Users\NukamiZe\.vscode\extensions\redhat.java-1.55.0-win32-x64\jre\21.0.11-win32-x86_64\bin\nio.dll
Event: 0.986 Loaded shared library C:\Users\NukamiZe\.vscode\extensions\redhat.java-1.55.0-win32-x64\jre\21.0.11-win32-x86_64\bin\zip.dll
Event: 1.042 Loaded shared library C:\Users\NukamiZe\.vscode\extensions\redhat.java-1.55.0-win32-x64\jre\21.0.11-win32-x86_64\bin\jimage.dll
Event: 1.419 Loaded shared library c:\Users\NukamiZe\.vscode\extensions\redhat.java-1.55.0-win32-x64\jre\21.0.11-win32-x86_64\bin\verify.dll
Event: 19.998 Loaded shared library C:\Users\NukamiZe\AppData\Roaming\Code\User\globalStorage\redhat.java\1.55.0\config_win\org.eclipse.equinox.launcher\org.eclipse.equinox.launcher.win32.win32.x86_64_1.3.100.v20260613-0559\eclipse_11924.dll
Event: 72.966 Loaded shared library C:\Users\NukamiZe\AppData\Local\Temp\jna--1879747356\jna5219483516842278064.dll
Event: 81.901 Loaded shared library C:\Users\NukamiZe\.vscode\extensions\redhat.java-1.55.0-win32-x64\jre\21.0.11-win32-x86_64\bin\sunmscapi.dll
Event: 82.245 Loaded shared library C:\Users\NukamiZe\.vscode\extensions\redhat.java-1.55.0-win32-x64\jre\21.0.11-win32-x86_64\bin\extnet.dll
Event: 91.958 Loaded shared library C:\Users\NukamiZe\.gradle\native\1def1411415f61bf3af743bc5b6707747c0891f09f0c88961ee8f79bc544acac\windows-amd64\native-platform.dll
Event: 101.782 Loaded shared library C:\Users\NukamiZe\.vscode\extensions\redhat.java-1.55.0-win32-x64\jre\21.0.11-win32-x86_64\bin\management.dll
Event: 101.792 Loaded shared library C:\Users\NukamiZe\.vscode\extensions\redhat.java-1.55.0-win32-x64\jre\21.0.11-win32-x86_64\bin\management_ext.dll

Deoptimization events (20 events):
Event: 240.762 Thread 0x000002247dbfa5b0 Uncommon trap: trap_request=0xffffffbe fr.pc=0x0000022427d4438c relative=0x00000000000002ac
Event: 240.762 Thread 0x000002247dbfa5b0 Uncommon trap: reason=profile_predicate action=maybe_recompile pc=0x0000022427d4438c method=java.util.regex.Pattern$BnM.optimize(Ljava/util/regex/Pattern$Node;)Ljava/util/regex/Pattern$Node; @ 67 c2
Event: 240.762 Thread 0x000002247dbfa5b0 DEOPT PACKING pc=0x0000022427d4438c sp=0x000000e4efbfe580
Event: 240.762 Thread 0x000002247dbfa5b0 DEOPT UNPACKING pc=0x00000224272a3aa2 sp=0x000000e4efbfe508 mode 2
Event: 240.763 Thread 0x000002247dbfa5b0 Uncommon trap: trap_request=0xffffffbe fr.pc=0x0000022427d4438c relative=0x00000000000002ac
Event: 240.763 Thread 0x000002247dbfa5b0 Uncommon trap: reason=profile_predicate action=maybe_recompile pc=0x0000022427d4438c method=java.util.regex.Pattern$BnM.optimize(Ljava/util/regex/Pattern$Node;)Ljava/util/regex/Pattern$Node; @ 67 c2
Event: 240.763 Thread 0x000002247dbfa5b0 DEOPT PACKING pc=0x0000022427d4438c sp=0x000000e4efbfe580
Event: 240.763 Thread 0x000002247dbfa5b0 DEOPT UNPACKING pc=0x00000224272a3aa2 sp=0x000000e4efbfe508 mode 2
Event: 240.763 Thread 0x000002247dbfa5b0 Uncommon trap: trap_request=0xffffffbe fr.pc=0x0000022427d4438c relative=0x00000000000002ac
Event: 240.763 Thread 0x000002247dbfa5b0 Uncommon trap: reason=profile_predicate action=maybe_recompile pc=0x0000022427d4438c method=java.util.regex.Pattern$BnM.optimize(Ljava/util/regex/Pattern$Node;)Ljava/util/regex/Pattern$Node; @ 67 c2
Event: 240.763 Thread 0x000002247dbfa5b0 DEOPT PACKING pc=0x0000022427d4438c sp=0x000000e4efbfe580
Event: 240.763 Thread 0x000002247dbfa5b0 DEOPT UNPACKING pc=0x00000224272a3aa2 sp=0x000000e4efbfe508 mode 2
Event: 240.763 Thread 0x000002247dbfa5b0 Uncommon trap: trap_request=0xffffffbe fr.pc=0x0000022427d4438c relative=0x00000000000002ac
Event: 240.763 Thread 0x000002247dbfa5b0 Uncommon trap: reason=profile_predicate action=maybe_recompile pc=0x0000022427d4438c method=java.util.regex.Pattern$BnM.optimize(Ljava/util/regex/Pattern$Node;)Ljava/util/regex/Pattern$Node; @ 67 c2
Event: 240.763 Thread 0x000002247dbfa5b0 DEOPT PACKING pc=0x0000022427d4438c sp=0x000000e4efbfe580
Event: 240.763 Thread 0x000002247dbfa5b0 DEOPT UNPACKING pc=0x00000224272a3aa2 sp=0x000000e4efbfe508 mode 2
Event: 240.779 Thread 0x000002247dbfa5b0 Uncommon trap: trap_request=0xffffffde fr.pc=0x0000022427cd013c relative=0x000000000000017c
Event: 240.779 Thread 0x000002247dbfa5b0 Uncommon trap: reason=class_check action=maybe_recompile pc=0x0000022427cd013c method=java.util.Collections$UnmodifiableCollection.stream()Ljava/util/stream/Stream; @ 4 c2
Event: 240.779 Thread 0x000002247dbfa5b0 DEOPT PACKING pc=0x0000022427cd013c sp=0x000000e4efbfe880
Event: 240.779 Thread 0x000002247dbfa5b0 DEOPT UNPACKING pc=0x00000224272a3aa2 sp=0x000000e4efbfe820 mode 2

Classes loaded (20 events):
Event: 121.167 Loading class java/nio/channels/Pipe$SinkChannel done
Event: 121.167 Loading class sun/nio/ch/SinkChannelImpl done
Event: 121.172 Loading class sun/nio/ch/SelectionKeyImpl
Event: 121.218 Loading class java/nio/channels/spi/AbstractSelectionKey
Event: 121.218 Loading class java/nio/channels/SelectionKey
Event: 121.219 Loading class java/nio/channels/SelectionKey done
Event: 121.219 Loading class java/nio/channels/spi/AbstractSelectionKey done
Event: 121.219 Loading class sun/nio/ch/SelectionKeyImpl done
Event: 121.219 Loading class java/lang/invoke/ConstantBootstraps
Event: 121.220 Loading class java/lang/invoke/ConstantBootstraps done
Event: 121.287 Loading class java/nio/channels/spi/AbstractSelector$1
Event: 121.287 Loading class java/nio/channels/spi/AbstractSelector$1 done
Event: 121.539 Loading class java/util/concurrent/Executors$AutoShutdownDelegatedExecutorService
Event: 121.539 Loading class java/util/concurrent/Executors$AutoShutdownDelegatedExecutorService done
Event: 213.571 Loading class java/lang/UnsupportedClassVersionError
Event: 213.572 Loading class java/lang/UnsupportedClassVersionError done
Event: 233.872 Loading class java/util/concurrent/ConcurrentLinkedQueue$Itr
Event: 233.873 Loading class java/util/concurrent/ConcurrentLinkedQueue$Itr done
Event: 233.877 Loading class java/util/LinkedList$LLSpliterator
Event: 233.878 Loading class java/util/LinkedList$LLSpliterator done

Classes unloaded (9 events):
Event: 75.463 Thread 0x000002241c9dc5d0 Unloading class 0x00000224351aac00 'java/lang/invoke/LambdaForm$MH+0x00000224351aac00'
Event: 75.463 Thread 0x000002241c9dc5d0 Unloading class 0x00000224351aa800 'java/lang/invoke/LambdaForm$MH+0x00000224351aa800'
Event: 75.463 Thread 0x000002241c9dc5d0 Unloading class 0x00000224351aa400 'java/lang/invoke/LambdaForm$MH+0x00000224351aa400'
Event: 75.463 Thread 0x000002241c9dc5d0 Unloading class 0x00000224351aa000 'java/lang/invoke/LambdaForm$MH+0x00000224351aa000'
Event: 75.463 Thread 0x000002241c9dc5d0 Unloading class 0x00000224351a9c00 'java/lang/invoke/LambdaForm$BMH+0x00000224351a9c00'
Event: 75.463 Thread 0x000002241c9dc5d0 Unloading class 0x00000224351a9800 'java/lang/invoke/LambdaForm$DMH+0x00000224351a9800'
Event: 75.463 Thread 0x000002241c9dc5d0 Unloading class 0x00000224351a8400 'java/lang/invoke/LambdaForm$DMH+0x00000224351a8400'
Event: 79.454 Thread 0x000002241c9dc5d0 Unloading class 0x000002243531c800 'java/lang/invoke/LambdaForm$MH+0x000002243531c800'
Event: 79.454 Thread 0x000002241c9dc5d0 Unloading class 0x000002243531c000 'java/lang/invoke/LambdaForm$MH+0x000002243531c000'

Classes redefined (0 events):
No events

Internal exceptions (20 events):
Event: 111.811 Thread 0x000002247dbf84e0 Exception <a 'java/lang/NoSuchMethodError'{0x00000000d55bb1a8}: 'java.lang.Object java.lang.invoke.DirectMethodHandle$Holder.invokeStatic(java.lang.Object, java.lang.Object, java.lang.Object, java.lang.Object, java.lang.Object, java.lang.Object, java.lang.Object, java.lang.Object, java.lang.Object, java.lang.Object, java.lang.Object, java.lang.Object, java.lang.Object, java.lang.Object, java.lang.Object)'> (0x00000000d55bb1a8) 
thrown [s\src\hotspot\share\interpreter\linkResolver.cpp, line 773]
Event: 111.814 Thread 0x000002247dbf84e0 Exception <a 'java/lang/NoSuchMethodError'{0x00000000d55e3020}: 'java.lang.Object java.lang.invoke.DirectMethodHandle$Holder.invokeStatic(java.lang.Object, java.lang.Object, java.lang.Object, java.lang.Object, java.lang.Object, java.lang.Object, java.lang.Object, java.lang.Object, java.lang.Object, java.lang.Object, java.lang.Object, java.lang.Object, java.lang.Object, java.lang.Object, java.lang.Object, java.lang.Object)'> (0x00000000d55e3020) 
thrown [s\src\hotspot\share\interpreter\linkResolver.cpp, lin
Event: 111.822 Thread 0x000002247dbf84e0 Exception <a 'java/lang/NoSuchMethodError'{0x00000000d560e650}: 'java.lang.Object java.lang.invoke.DirectMethodHandle$Holder.invokeStatic(java.lang.Object, java.lang.Object, java.lang.Object, java.lang.Object, java.lang.Object, java.lang.Object, java.lang.Object, java.lang.Object, java.lang.Object, java.lang.Object, java.lang.Object, java.lang.Object, java.lang.Object, java.lang.Object, java.lang.Object, java.lang.Object, java.lang.Object)'> (0x00000000d560e650) 
thrown [s\src\hotspot\share\interpreter\lin
Event: 111.827 Thread 0x000002247dbf84e0 Exception <a 'java/lang/NoSuchMethodError'{0x00000000d563ace0}: 'java.lang.Object java.lang.invoke.DirectMethodHandle$Holder.invokeStatic(java.lang.Object, java.lang.Object, java.lang.Object, java.lang.Object, java.lang.Object, java.lang.Object, java.lang.Object, java.lang.Object, java.lang.Object, java.lang.Object, java.lang.Object, java.lang.Object, java.lang.Object, java.lang.Object, java.lang.Object, java.lang.Object, java.lang.Object, java.lang.Object)'> (0x00000000d563ace0) 
thrown [s\src\hotspot\sha
Event: 111.830 Thread 0x000002247dbf84e0 Exception <a 'java/lang/NoSuchMethodError'{0x00000000d56690e0}: 'java.lang.Object java.lang.invoke.DirectMethodHandle$Holder.invokeStatic(java.lang.Object, java.lang.Object, java.lang.Object, java.lang.Object, java.lang.Object, java.lang.Object, java.lang.Object, java.lang.Object, java.lang.Object, java.lang.Object, java.lang.Object, java.lang.Object, java.lang.Object, java.lang.Object, java.lang.Object, java.lang.Object, java.lang.Object, java.lang.Object, java.lang.Object)'> (0x00000000d56690e0) 
thrown 
Event: 111.834 Thread 0x000002247dbf84e0 Exception <a 'java/lang/NoSuchMethodError'{0x00000000d5697e90}: 'java.lang.Object java.lang.invoke.DirectMethodHandle$Holder.invokeStatic(java.lang.Object, java.lang.Object, java.lang.Object, java.lang.Object, java.lang.Object, java.lang.Object, java.lang.Object, java.lang.Object, java.lang.Object, java.lang.Object, java.lang.Object, java.lang.Object, java.lang.Object, java.lang.Object, java.lang.Object, java.lang.Object, java.lang.Object, java.lang.Object, java.lang.Object, java.lang.Object)'> (0x00000000
Event: 111.839 Thread 0x000002247dbf84e0 Exception <a 'java/lang/NoSuchMethodError'{0x00000000d56c8168}: 'java.lang.Object java.lang.invoke.DirectMethodHandle$Holder.invokeStatic(java.lang.Object, java.lang.Object, java.lang.Object, java.lang.Object, java.lang.Object, java.lang.Object, java.lang.Object, java.lang.Object, java.lang.Object, java.lang.Object, java.lang.Object, java.lang.Object, java.lang.Object, java.lang.Object, java.lang.Object, java.lang.Object, java.lang.Object, java.lang.Object, java.lang.Object, java.lang.Object, java.lang.Obj
Event: 111.843 Thread 0x000002247dbf84e0 Exception <a 'java/lang/NoSuchMethodError'{0x00000000d56f8b48}: 'java.lang.Object java.lang.invoke.DirectMethodHandle$Holder.invokeStatic(java.lang.Object, java.lang.Object, java.lang.Object, java.lang.Object, java.lang.Object, java.lang.Object, java.lang.Object, java.lang.Object, java.lang.Object, java.lang.Object, java.lang.Object, java.lang.Object, java.lang.Object, java.lang.Object, java.lang.Object, java.lang.Object, java.lang.Object, java.lang.Object, java.lang.Object, java.lang.Object, java.lang.Obj
Event: 111.847 Thread 0x000002247dbf84e0 Exception <a 'java/lang/NoSuchMethodError'{0x00000000d572a5f8}: 'java.lang.Object java.lang.invoke.DirectMethodHandle$Holder.invokeStatic(java.lang.Object, java.lang.Object, java.lang.Object, java.lang.Object, java.lang.Object, java.lang.Object, java.lang.Object, java.lang.Object, java.lang.Object, java.lang.Object, java.lang.Object, java.lang.Object, java.lang.Object, java.lang.Object, java.lang.Object, java.lang.Object, java.lang.Object, java.lang.Object, java.lang.Object, java.lang.Object, java.lang.Obj
Event: 111.850 Thread 0x000002247dbf84e0 Exception <a 'java/lang/NoSuchMethodError'{0x00000000d575ca78}: 'java.lang.Object java.lang.invoke.DirectMethodHandle$Holder.invokeStatic(java.lang.Object, java.lang.Object, java.lang.Object, java.lang.Object, java.lang.Object, java.lang.Object, java.lang.Object, java.lang.Object, java.lang.Object, java.lang.Object, java.lang.Object, java.lang.Object, java.lang.Object, java.lang.Object, java.lang.Object, java.lang.Object, java.lang.Object, java.lang.Object, java.lang.Object, java.lang.Object, java.lang.Obj
Event: 111.853 Thread 0x000002247dbf84e0 Exception <a 'java/lang/NoSuchMethodError'{0x00000000d5791008}: 'java.lang.Object java.lang.invoke.DirectMethodHandle$Holder.invokeStatic(java.lang.Object, java.lang.Object, java.lang.Object, java.lang.Object, java.lang.Object, java.lang.Object, java.lang.Object, java.lang.Object, java.lang.Object, java.lang.Object, java.lang.Object, java.lang.Object, java.lang.Object, java.lang.Object, java.lang.Object, java.lang.Object, java.lang.Object, java.lang.Object, java.lang.Object, java.lang.Object, java.lang.Obj
Event: 111.859 Thread 0x000002247dbf84e0 Exception <a 'java/lang/NoSuchMethodError'{0x00000000d57b6bc8}: 'java.lang.Object java.lang.invoke.DirectMethodHandle$Holder.invokeSpecial(java.lang.Object, java.lang.Object, java.lang.Object, java.lang.Object, java.lang.Object, java.lang.Object, java.lang.Object, java.lang.Object, java.lang.Object, java.lang.Object, java.lang.Object, java.lang.Object, java.lang.Object, java.lang.Object, java.lang.Object, java.lang.Object, java.lang.Object, java.lang.Object, java.lang.Object, java.lang.Object, java.lang.Ob
Event: 111.861 Thread 0x000002247dbf84e0 Exception <a 'java/lang/NoSuchMethodError'{0x00000000d57cc2b0}: 'java.lang.Object java.lang.invoke.DirectMethodHandle$Holder.newInvokeSpecial(java.lang.Object, java.lang.Object, java.lang.Object, java.lang.Object, java.lang.Object, java.lang.Object, java.lang.Object, java.lang.Object, java.lang.Object, java.lang.Object, java.lang.Object, java.lang.Object, java.lang.Object, java.lang.Object, java.lang.Object, java.lang.Object, java.lang.Object, java.lang.Object, java.lang.Object, java.lang.Object, java.lang
Event: 111.861 Thread 0x000002247dbf84e0 Exception <a 'java/lang/NoSuchMethodError'{0x00000000d57d2428}: 'java.lang.Object java.lang.invoke.Invokers$Holder.linkToTargetMethod(java.lang.Object, java.lang.Object, java.lang.Object, java.lang.Object, java.lang.Object, java.lang.Object, java.lang.Object, java.lang.Object, java.lang.Object, java.lang.Object, java.lang.Object, java.lang.Object, java.lang.Object, java.lang.Object, java.lang.Object, java.lang.Object, java.lang.Object, java.lang.Object, java.lang.Object, java.lang.Object, java.lang.Object,
Event: 111.862 Thread 0x000002247dbf84e0 Exception <a 'java/lang/NoSuchMethodError'{0x00000000d57d7720}: 'java.lang.Object java.lang.invoke.DirectMethodHandle$Holder.invokeVirtual(java.lang.Object, java.lang.Object, java.lang.Object, java.lang.Object, java.lang.Object, java.lang.Object, java.lang.Object, java.lang.Object, java.lang.Object, java.lang.Object)'> (0x00000000d57d7720) 
thrown [s\src\hotspot\share\interpreter\linkResolver.cpp, line 773]
Event: 111.901 Thread 0x000002247dbf84e0 Exception <a 'java/lang/NoSuchMethodError'{0x00000000d5934340}: 'java.lang.Object java.lang.invoke.DirectMethodHandle$Holder.invokeVirtual(java.lang.Object, java.lang.Object, java.lang.Object, java.lang.Object, java.lang.Object, java.lang.Object, java.lang.Object, java.lang.Object, java.lang.Object)'> (0x00000000d5934340) 
thrown [s\src\hotspot\share\interpreter\linkResolver.cpp, line 773]
Event: 111.970 Thread 0x000002247dbf84e0 Exception <a 'java/lang/NoSuchMethodError'{0x00000000d5bf0398}: 'long java.lang.invoke.DirectMethodHandle$Holder.invokeVirtual(java.lang.Object, java.lang.Object)'> (0x00000000d5bf0398) 
thrown [s\src\hotspot\share\interpreter\linkResolver.cpp, line 773]
Event: 111.971 Thread 0x000002247dbf84e0 Exception <a 'java/lang/NoSuchMethodError'{0x00000000d5bf3778}: 'long java.lang.invoke.DelegatingMethodHandle$Holder.reinvoke_L(java.lang.Object, java.lang.Object)'> (0x00000000d5bf3778) 
thrown [s\src\hotspot\share\interpreter\linkResolver.cpp, line 773]
Event: 112.396 Thread 0x000002247dbf56f0 Exception <a 'java/lang/NoSuchMethodError'{0x00000000d6555938}: 'void java.lang.invoke.DirectMethodHandle$Holder.invokeStatic(java.lang.Object, long)'> (0x00000000d6555938) 
thrown [s\src\hotspot\share\interpreter\linkResolver.cpp, line 773]
Event: 121.240 Thread 0x000002247dbf84e0 Exception <a 'java/lang/NoSuchMethodError'{0x00000000d670d288}: 'void java.lang.invoke.DirectMethodHandle$Holder.invokeInterface(java.lang.Object, java.lang.Object, java.lang.Object, java.lang.Object)'> (0x00000000d670d288) 
thrown [s\src\hotspot\share\interpreter\linkResolver.cpp, line 773]

ZGC Phase Switch (0 events):
No events

VM Operations (20 events):
Event: 180.636 Executing non-safepoint VM operation: HandshakeAllThreads (HandshakeForDeflation)
Event: 180.636 Executing non-safepoint VM operation: HandshakeAllThreads (HandshakeForDeflation) done
Event: 180.637 Executing non-safepoint VM operation: RendezvousGCThreads
Event: 180.637 Executing non-safepoint VM operation: RendezvousGCThreads done
Event: 213.813 Executing safepoint VM operation: Cleanup
Event: 213.813 Executing safepoint VM operation: Cleanup done
Event: 228.867 Executing safepoint VM operation: Cleanup
Event: 228.867 Executing safepoint VM operation: Cleanup done
Event: 234.872 Executing safepoint VM operation: Cleanup
Event: 234.872 Executing safepoint VM operation: Cleanup done
Event: 240.682 Executing non-safepoint VM operation: HandshakeAllThreads (HandshakeForDeflation)
Event: 240.682 Executing non-safepoint VM operation: HandshakeAllThreads (HandshakeForDeflation) done
Event: 240.682 Executing safepoint VM operation: Cleanup
Event: 240.682 Executing safepoint VM operation: Cleanup done
Event: 240.700 Executing non-safepoint VM operation: RendezvousGCThreads
Event: 240.700 Executing non-safepoint VM operation: RendezvousGCThreads done
Event: 241.699 Executing safepoint VM operation: Cleanup
Event: 241.699 Executing safepoint VM operation: Cleanup done
Event: 243.247 Executing safepoint VM operation: ParallelGCFailedAllocation (Allocation Failure)
Event: 243.260 Executing safepoint VM operation: ParallelGCFailedAllocation (Allocation Failure) done

Memory protections (0 events):
No events

Nmethod flushes (20 events):
Event: 101.164 Thread 0x000002241c9dc5d0 flushing  nmethod 0x000002242064ab90
Event: 101.164 Thread 0x000002241c9dc5d0 flushing  nmethod 0x000002242064b990
Event: 101.164 Thread 0x000002241c9dc5d0 flushing  nmethod 0x000002242064ca10
Event: 101.164 Thread 0x000002241c9dc5d0 flushing  nmethod 0x0000022420650410
Event: 101.164 Thread 0x000002241c9dc5d0 flushing  nmethod 0x0000022420650c10
Event: 101.164 Thread 0x000002241c9dc5d0 flushing  nmethod 0x0000022420653210
Event: 101.164 Thread 0x000002241c9dc5d0 flushing  nmethod 0x0000022420654090
Event: 101.164 Thread 0x000002241c9dc5d0 flushing  nmethod 0x000002242068ed10
Event: 101.164 Thread 0x000002241c9dc5d0 flushing  nmethod 0x0000022420690610
Event: 101.164 Thread 0x000002241c9dc5d0 flushing  nmethod 0x0000022420690c10
Event: 101.164 Thread 0x000002241c9dc5d0 flushing  nmethod 0x0000022420695490
Event: 101.164 Thread 0x000002241c9dc5d0 flushing  nmethod 0x000002242069a290
Event: 101.164 Thread 0x000002241c9dc5d0 flushing  nmethod 0x00000224206b2f90
Event: 101.164 Thread 0x000002241c9dc5d0 flushing  nmethod 0x00000224206b8b10
Event: 101.164 Thread 0x000002241c9dc5d0 flushing  nmethod 0x00000224206d5910
Event: 101.164 Thread 0x000002241c9dc5d0 flushing  nmethod 0x00000224206d7390
Event: 101.164 Thread 0x000002241c9dc5d0 flushing  nmethod 0x00000224206d7b10
Event: 101.164 Thread 0x000002241c9dc5d0 flushing  nmethod 0x00000224206da590
Event: 101.164 Thread 0x000002241c9dc5d0 flushing  nmethod 0x00000224206e0a90
Event: 101.164 Thread 0x000002241c9dc5d0 flushing  nmethod 0x00000224206e0f10

Events (20 events):
Event: 113.603 Thread 0x000002247dc8a4f0 Thread exited: 0x000002247dc8a4f0
Event: 120.711 Thread 0x000002247dbf56f0 Thread exited: 0x000002247dbf56f0
Event: 120.712 Thread 0x000002247dbf77c0 Thread exited: 0x000002247dbf77c0
Event: 147.737 Thread 0x000002247dbfb2d0 Thread exited: 0x000002247dbfb2d0
Event: 167.049 Thread 0x00000224752b28c0 Thread exited: 0x00000224752b28c0
Event: 171.076 Thread 0x000002247dbf6aa0 Thread exited: 0x000002247dbf6aa0
Event: 171.444 Thread 0x00000224752b35e0 Thread exited: 0x00000224752b35e0
Event: 171.454 Thread 0x000002247582e450 Thread exited: 0x000002247582e450
Event: 171.469 Thread 0x000002247582bcf0 Thread exited: 0x000002247582bcf0
Event: 207.774 Thread 0x000002247dbf5d80 Thread exited: 0x000002247dbf5d80
Event: 231.110 Thread 0x000002247dbfac40 Thread exited: 0x000002247dbfac40
Event: 233.879 Thread 0x000002247dbf84e0 Thread exited: 0x000002247dbf84e0
Event: 233.929 Thread 0x000002247dbfc680 Thread exited: 0x000002247dbfc680
Event: 234.027 Thread 0x000002247582afd0 Thread added: 0x000002247dbf7e50
Event: 234.169 Thread 0x000002241ca77830 Thread added: 0x000002247d346b80
Event: 234.236 Thread 0x000002247dbf7e50 Thread added: 0x000002247dbf7130
Event: 234.464 Thread 0x000002247d346b80 Thread exited: 0x000002247d346b80
Event: 240.611 Thread 0x000002247dbf7130 Thread exited: 0x000002247dbf7130
Event: 240.611 Thread 0x000002247dbf7e50 Thread exited: 0x000002247dbf7e50
Event: 240.700 Thread 0x000002247582afd0 Thread added: 0x000002247dbfa5b0


Dynamic libraries:
0x00007ff795180000 - 0x00007ff79518e000 	c:\Users\NukamiZe\.vscode\extensions\redhat.java-1.55.0-win32-x64\jre\21.0.11-win32-x86_64\bin\java.exe
0x00007ffe95bb0000 - 0x00007ffe95da8000 	C:\Windows\SYSTEM32\ntdll.dll
0x00007ffe954d0000 - 0x00007ffe95592000 	C:\Windows\System32\KERNEL32.DLL
0x00007ffe934a0000 - 0x00007ffe93796000 	C:\Windows\System32\KERNELBASE.dll
0x00007ffe93900000 - 0x00007ffe93a00000 	C:\Windows\System32\ucrtbase.dll
0x00007ffe7f290000 - 0x00007ffe7f2a8000 	c:\Users\NukamiZe\.vscode\extensions\redhat.java-1.55.0-win32-x64\jre\21.0.11-win32-x86_64\bin\jli.dll
0x00007ffe95240000 - 0x00007ffe953e1000 	C:\Windows\System32\USER32.dll
0x00007ffe93270000 - 0x00007ffe93292000 	C:\Windows\System32\win32u.dll
0x00007ffe93cf0000 - 0x00007ffe93d1b000 	C:\Windows\System32\GDI32.dll
0x00007ffe932a0000 - 0x00007ffe933b9000 	C:\Windows\System32\gdi32full.dll
0x00007ffe93ab0000 - 0x00007ffe93b4d000 	C:\Windows\System32\msvcp_win.dll
0x00007ffe7b710000 - 0x00007ffe7b72e000 	c:\Users\NukamiZe\.vscode\extensions\redhat.java-1.55.0-win32-x64\jre\21.0.11-win32-x86_64\bin\VCRUNTIME140.dll
0x00007ffe81180000 - 0x00007ffe8141b000 	C:\Windows\WinSxS\amd64_microsoft.windows.common-controls_6595b64144ccf1df_6.0.19041.6456_none_60b8a6cb71f64256\COMCTL32.dll
0x00007ffe94600000 - 0x00007ffe9469e000 	C:\Windows\System32\msvcrt.dll
0x00007ffe94bd0000 - 0x00007ffe94bff000 	C:\Windows\System32\IMM32.DLL
0x00007ffe85f00000 - 0x00007ffe85f0c000 	c:\Users\NukamiZe\.vscode\extensions\redhat.java-1.55.0-win32-x64\jre\21.0.11-win32-x86_64\bin\vcruntime140_1.dll
0x00007ffe4da70000 - 0x00007ffe4dafd000 	c:\Users\NukamiZe\.vscode\extensions\redhat.java-1.55.0-win32-x64\jre\21.0.11-win32-x86_64\bin\msvcp140.dll
0x00007ffe0b630000 - 0x00007ffe0c3d2000 	c:\Users\NukamiZe\.vscode\extensions\redhat.java-1.55.0-win32-x64\jre\21.0.11-win32-x86_64\bin\server\jvm.dll
0x00007ffe94850000 - 0x00007ffe94901000 	C:\Windows\System32\ADVAPI32.dll
0x00007ffe95610000 - 0x00007ffe956af000 	C:\Windows\System32\sechost.dll
0x00007ffe93bd0000 - 0x00007ffe93cf0000 	C:\Windows\System32\RPCRT4.dll
0x00007ffe93240000 - 0x00007ffe93267000 	C:\Windows\System32\bcrypt.dll
0x00007ffe95b00000 - 0x00007ffe95b6b000 	C:\Windows\System32\WS2_32.dll
0x00007ffe92db0000 - 0x00007ffe92dfb000 	C:\Windows\SYSTEM32\POWRPROF.dll
0x00007ffe7cf10000 - 0x00007ffe7cf37000 	C:\Windows\SYSTEM32\WINMM.dll
0x00007ffe8d450000 - 0x00007ffe8d45a000 	C:\Windows\SYSTEM32\VERSION.dll
0x00007ffe92d90000 - 0x00007ffe92da2000 	C:\Windows\SYSTEM32\UMPDC.dll
0x00007ffe91290000 - 0x00007ffe912a2000 	C:\Windows\SYSTEM32\kernel.appcore.dll
0x00007ffe85c50000 - 0x00007ffe85c5a000 	c:\Users\NukamiZe\.vscode\extensions\redhat.java-1.55.0-win32-x64\jre\21.0.11-win32-x86_64\bin\jimage.dll
0x00007ffe90f00000 - 0x00007ffe91101000 	C:\Windows\SYSTEM32\DBGHELP.DLL
0x00007ffe80570000 - 0x00007ffe805a4000 	C:\Windows\SYSTEM32\dbgcore.DLL
0x00007ffe933c0000 - 0x00007ffe93442000 	C:\Windows\System32\bcryptPrimitives.dll
0x00007ffe8f7d0000 - 0x00007ffe8f7df000 	c:\Users\NukamiZe\.vscode\extensions\redhat.java-1.55.0-win32-x64\jre\21.0.11-win32-x86_64\bin\instrument.dll
0x00007ffe5f690000 - 0x00007ffe5f6b0000 	c:\Users\NukamiZe\.vscode\extensions\redhat.java-1.55.0-win32-x64\jre\21.0.11-win32-x86_64\bin\java.dll
0x00007ffe93d80000 - 0x00007ffe944f0000 	C:\Windows\System32\SHELL32.dll
0x00007ffe912b0000 - 0x00007ffe91a55000 	C:\Windows\SYSTEM32\windows.storage.dll
0x00007ffe956d0000 - 0x00007ffe95a24000 	C:\Windows\System32\combase.dll
0x00007ffe92c00000 - 0x00007ffe92c2b000 	C:\Windows\SYSTEM32\Wldp.dll
0x00007ffe95a30000 - 0x00007ffe95afd000 	C:\Windows\System32\OLEAUT32.dll
0x00007ffe95190000 - 0x00007ffe9523d000 	C:\Windows\System32\SHCORE.dll
0x00007ffe944f0000 - 0x00007ffe9454b000 	C:\Windows\System32\shlwapi.dll
0x00007ffe93170000 - 0x00007ffe93194000 	C:\Windows\SYSTEM32\profapi.dll
0x00007ffe696e0000 - 0x00007ffe696f8000 	c:\Users\NukamiZe\.vscode\extensions\redhat.java-1.55.0-win32-x64\jre\21.0.11-win32-x86_64\bin\zip.dll
0x00007ffe84810000 - 0x00007ffe84820000 	C:\Users\NukamiZe\.vscode\extensions\redhat.java-1.55.0-win32-x64\jre\21.0.11-win32-x86_64\bin\net.dll
0x00007ffe8adb0000 - 0x00007ffe8aeba000 	C:\Windows\SYSTEM32\WINHTTP.dll
0x00007ffe928f0000 - 0x00007ffe9295a000 	C:\Windows\system32\mswsock.dll
0x00007ffe68b60000 - 0x00007ffe68b76000 	C:\Users\NukamiZe\.vscode\extensions\redhat.java-1.55.0-win32-x64\jre\21.0.11-win32-x86_64\bin\nio.dll
0x00007ffe84020000 - 0x00007ffe84030000 	c:\Users\NukamiZe\.vscode\extensions\redhat.java-1.55.0-win32-x64\jre\21.0.11-win32-x86_64\bin\verify.dll
0x00007ffe62d10000 - 0x00007ffe62d55000 	C:\Users\NukamiZe\AppData\Roaming\Code\User\globalStorage\redhat.java\1.55.0\config_win\org.eclipse.equinox.launcher\org.eclipse.equinox.launcher.win32.win32.x86_64_1.3.100.v20260613-0559\eclipse_11924.dll
0x00007ffe94930000 - 0x00007ffe94a5b000 	C:\Windows\System32\ole32.dll
0x00007ffe92b60000 - 0x00007ffe92b78000 	C:\Windows\SYSTEM32\CRYPTSP.dll
0x00007ffe92210000 - 0x00007ffe92248000 	C:\Windows\system32\rsaenh.dll
0x00007ffe930f0000 - 0x00007ffe9311e000 	C:\Windows\SYSTEM32\USERENV.dll
0x00007ffe92b50000 - 0x00007ffe92b5c000 	C:\Windows\SYSTEM32\CRYPTBASE.dll
0x00007ffe925d0000 - 0x00007ffe9260b000 	C:\Windows\SYSTEM32\IPHLPAPI.DLL
0x00007ffe955a0000 - 0x00007ffe955a8000 	C:\Windows\System32\NSI.dll
0x00007ffe823f0000 - 0x00007ffe82439000 	C:\Users\NukamiZe\AppData\Local\Temp\jna--1879747356\jna5219483516842278064.dll
0x00007ffe94920000 - 0x00007ffe94928000 	C:\Windows\System32\PSAPI.DLL
0x00007ffe8b360000 - 0x00007ffe8b377000 	C:\Windows\SYSTEM32\dhcpcsvc6.DLL
0x00007ffe8bf00000 - 0x00007ffe8bf1d000 	C:\Windows\SYSTEM32\dhcpcsvc.DLL
0x00007ffe83f10000 - 0x00007ffe83f1e000 	C:\Users\NukamiZe\.vscode\extensions\redhat.java-1.55.0-win32-x64\jre\21.0.11-win32-x86_64\bin\sunmscapi.dll
0x00007ffe937a0000 - 0x00007ffe938fd000 	C:\Windows\System32\CRYPT32.dll
0x00007ffe92c70000 - 0x00007ffe92c97000 	C:\Windows\SYSTEM32\ncrypt.dll
0x00007ffe92c30000 - 0x00007ffe92c6b000 	C:\Windows\SYSTEM32\NTASN1.dll
0x00007ffe92610000 - 0x00007ffe926da000 	C:\Windows\SYSTEM32\DNSAPI.dll
0x000000006bab0000 - 0x000000006bad6000 	C:\Program Files\Bonjour\mdnsNSP.dll
0x00007ffe7f3e0000 - 0x00007ffe7f3ea000 	C:\Windows\System32\rasadhlp.dll
0x00007ffe7f690000 - 0x00007ffe7f710000 	C:\Windows\System32\fwpuclnt.dll
0x00007ffe83410000 - 0x00007ffe83419000 	C:\Users\NukamiZe\.vscode\extensions\redhat.java-1.55.0-win32-x64\jre\21.0.11-win32-x86_64\bin\extnet.dll
0x00007ffe82440000 - 0x00007ffe82467000 	C:\Users\NukamiZe\.gradle\native\1def1411415f61bf3af743bc5b6707747c0891f09f0c88961ee8f79bc544acac\windows-amd64\native-platform.dll
0x00007ffe832e0000 - 0x00007ffe832ea000 	C:\Users\NukamiZe\.vscode\extensions\redhat.java-1.55.0-win32-x64\jre\21.0.11-win32-x86_64\bin\management.dll
0x00007ffe82200000 - 0x00007ffe8220c000 	C:\Users\NukamiZe\.vscode\extensions\redhat.java-1.55.0-win32-x64\jre\21.0.11-win32-x86_64\bin\management_ext.dll
0x00007ffe6a8e0000 - 0x00007ffe6a8e7000 	C:\Windows\system32\wshunix.dll

JVMTI agents:
c:\Users\NukamiZe\.vscode\extensions\redhat.java-1.55.0-win32-x64\lombok\lombok-1.18.39-4050.jar path:c:\Users\NukamiZe\.vscode\extensions\redhat.java-1.55.0-win32-x64\jre\21.0.11-win32-x86_64\bin\instrument.dll, loaded, initialized, instrumentlib options:none

dbghelp: loaded successfully - version: 4.0.5 - missing functions: none
symbol engine: initialized successfully - sym options: 0x614 - pdb path: .;c:\Users\NukamiZe\.vscode\extensions\redhat.java-1.55.0-win32-x64\jre\21.0.11-win32-x86_64\bin;C:\Windows\SYSTEM32;C:\Windows\WinSxS\amd64_microsoft.windows.common-controls_6595b64144ccf1df_6.0.19041.6456_none_60b8a6cb71f64256;c:\Users\NukamiZe\.vscode\extensions\redhat.java-1.55.0-win32-x64\jre\21.0.11-win32-x86_64\bin\server;C:\Users\NukamiZe\AppData\Roaming\Code\User\globalStorage\redhat.java\1.55.0\config_win\org.eclipse.equinox.launcher\org.eclipse.equinox.launcher.win32.win32.x86_64_1.3.100.v20260613-0559;C:\Users\NukamiZe\AppData\Local\Temp\jna--1879747356;C:\Program Files\Bonjour;C:\Users\NukamiZe\.gradle\native\1def1411415f61bf3af743bc5b6707747c0891f09f0c88961ee8f79bc544acac\windows-amd64

VM Arguments:
jvm_args: --add-modules=ALL-SYSTEM --add-opens=java.base/java.util=ALL-UNNAMED --add-opens=java.base/java.lang=ALL-UNNAMED --add-opens=java.base/sun.nio.fs=ALL-UNNAMED -Declipse.application=org.eclipse.jdt.ls.core.id1 -Dosgi.bundles.defaultStartLevel=4 -Declipse.product=org.eclipse.jdt.ls.core.product -Djava.import.generatesMetadataFilesAtProjectRoot=false -DDetectVMInstallationsJob.disabled=true -Dfile.encoding=utf8 -XX:+UseParallelGC -XX:GCTimeRatio=4 -XX:AdaptiveSizePolicyWeight=90 -Dsun.zip.disableMemoryMapping=true -Xmx2G -Xms100m -Xlog:disable -javaagent:c:\Users\NukamiZe\.vscode\extensions\redhat.java-1.55.0-win32-x64\lombok\lombok-1.18.39-4050.jar -XX:+HeapDumpOnOutOfMemoryError -XX:HeapDumpPath=c:\Users\NukamiZe\AppData\Roaming\Code\User\workspaceStorage\528c29650bfbe70090089cfc962f8f7d\redhat.java -Daether.dependencyCollector.impl=bf 
java_command: c:\Users\NukamiZe\.vscode\extensions\redhat.java-1.55.0-win32-x64\server\plugins\org.eclipse.equinox.launcher_1.7.200.v20260619-2039.jar -configuration c:\Users\NukamiZe\AppData\Roaming\Code\User\globalStorage\redhat.java\1.55.0\config_win -data c:\Users\NukamiZe\AppData\Roaming\Code\User\workspaceStorage\528c29650bfbe70090089cfc962f8f7d\redhat.java\jdt_ws --pipe=\\.\pipe\lsp-43d70c63dfdcd33ecf733a1bfd257366-sock
java_class_path (initial): c:\Users\NukamiZe\.vscode\extensions\redhat.java-1.55.0-win32-x64\server\plugins\org.eclipse.equinox.launcher_1.7.200.v20260619-2039.jar
Launcher Type: SUN_STANDARD

[Global flags]
    uintx AdaptiveSizePolicyWeight                 = 90                                        {product} {command line}
     intx CICompilerCount                          = 3                                         {product} {ergonomic}
    uintx GCTimeRatio                              = 4                                         {product} {command line}
     bool HeapDumpOnOutOfMemoryError               = true                                   {manageable} {command line}
    ccstr HeapDumpPath                             = c:\Users\NukamiZe\AppData\Roaming\Code\User\workspaceStorage\528c29650bfbe70090089cfc962f8f7d\redhat.java         {manageable} {command line}
   size_t InitialHeapSize                          = 104857600                                 {product} {command line}
   size_t MaxHeapSize                              = 2147483648                                {product} {command line}
   size_t MaxNewSize                               = 715653120                                 {product} {ergonomic}
   size_t MinHeapDeltaBytes                        = 524288                                    {product} {ergonomic}
   size_t MinHeapSize                              = 104857600                                 {product} {command line}
   size_t NewSize                                  = 34603008                                  {product} {ergonomic}
    uintx NonNMethodCodeHeapSize                   = 5832780                                {pd product} {ergonomic}
    uintx NonProfiledCodeHeapSize                  = 122912730                              {pd product} {ergonomic}
   size_t OldSize                                  = 70254592                                  {product} {ergonomic}
    uintx ProfiledCodeHeapSize                     = 122912730                              {pd product} {ergonomic}
    uintx ReservedCodeCacheSize                    = 251658240                              {pd product} {ergonomic}
     bool SegmentedCodeCache                       = true                                      {product} {ergonomic}
   size_t SoftMaxHeapSize                          = 2147483648                             {manageable} {ergonomic}
     bool UseCompressedOops                        = true                           {product lp64_product} {ergonomic}
     bool UseLargePagesIndividualAllocation        = false                                  {pd product} {ergonomic}
     bool UseParallelGC                            = true                                      {product} {command line}

Logging:
Log output configuration:
 #0: stdout all=off uptime,level,tags foldmultilines=false
 #1: stderr all=off uptime,level,tags foldmultilines=false

Release file:
JAVA_VERSION="21.0.11" 
MODULES="java.base java.compiler java.datatransfer java.xml java.prefs java.desktop java.instrument java.logging java.management java.security.sasl java.naming java.rmi java.management.rmi java.net.http java.scripting java.security.jgss java.transaction.xa java.sql java.sql.rowset java.xml.crypto java.se java.smartcardio jdk.accessibility jdk.internal.jvmstat jdk.attach jdk.charsets jdk.internal.opt jdk.zipfs jdk.compiler jdk.crypto.ec jdk.crypto.cryptoki jdk.crypto.mscapi jdk.dynalink jdk.internal.ed jdk.editpad jdk.hotspot.agent jdk.httpserver jdk.internal.le jdk.internal.vm.ci jdk.internal.vm.compiler jdk.internal.vm.compiler.management jdk.jartool jdk.javadoc jdk.jcmd jdk.management jdk.management.agent jdk.jconsole jdk.jdeps jdk.jdwp.agent jdk.jdi jdk.jfr jdk.jshell jdk.jsobject jdk.jstatd jdk.localedata jdk.management.jfr jdk.naming.dns jdk.naming.rmi jdk.net jdk.nio.mapmode jdk.random jdk.sctp jdk.security.auth jdk.security.jgss jdk.unsupported jdk.unsupported.desktop jdk.xml.dom" 

Environment Variables:
JAVA_HOME=C:\Program Files\Eclipse Adoptium\jdk-21.0.12.8-hotspot
PATH=C:\Program Files\Eclipse Adoptium\jdk-21.0.12.8-hotspot\bin;C:\Program Files (x86)\Common Files\Oracle\Java\javapath;C:\Windows\system32;C:\Windows;C:\Windows\System32\Wbem;C:\Windows\System32\WindowsPowerShell\v1.0\;C:\Windows\System32\OpenSSH\;C:\php-8.3.9;C:\Program Files\Git\cmd;C:\ProgramData\ComposerSetup\bin;D:\Applikasi\PuTTY\;%NVM_HOME%;%NVM_SYMLINK%;%JAVA_HOME%\bin;C:\Users\NukamiZe\AppData\Local\Microsoft\WindowsApps;C:\Users\NukamiZe\AppData\Local\Microsoft VS Code\bin;C:\Users\NukamiZe\AppData\Local\GitHubDesktop\bin;C:\Users\NukamiZe\AppData\Roaming\Composer\vendor\bin;C:\Users\NukamiZe\AppData\Roaming\npm;C:\Users\NukamiZe\AppData\Local\nvm;C:\nvm4w\nodejs;
USERNAME=NukamiZe
OS=Windows_NT
PROCESSOR_IDENTIFIER=Intel64 Family 6 Model 142 Stepping 10, GenuineIntel
TMP=C:\Users\NukamiZe\AppData\Local\Temp
TEMP=C:\Users\NukamiZe\AppData\Local\Temp




Periodic native trim disabled

---------------  S Y S T E M  ---------------

OS:
 Windows 10 , 64 bit Build 19041 (10.0.19041.5915)
OS uptime: 6 days 16:30 hours

CPU: total 4 (initial active 4) (2 cores per cpu, 2 threads per core) family 6 model 142 stepping 10 microcode 0xe0, cx8, cmov, fxsr, ht, mmx, 3dnowpref, sse, sse2, sse3, ssse3, sse4.1, sse4.2, popcnt, lzcnt, tsc, tscinvbit, avx, avx2, aes, erms, clmul, bmi1, bmi2, adx, fma, vzeroupper, clflush, clflushopt, rdtscp, f16c
Processor Information for the first 4 processors :
  Max Mhz: 2304, Current Mhz: 2304, Mhz Limit: 2304

Memory: 4k page, system-wide physical 8060M (2768M free)
TotalPageFile size 20348M (AvailPageFile size 4M)
current process WorkingSet (physical memory assigned to process): 8M, peak: 287M
current process commit charge ("private bytes"): 345M, peak: 377M

vm_info: OpenJDK 64-Bit Server VM (21.0.11+10-LTS) for windows-amd64 JRE (21.0.11+10-LTS), built on 2026-04-21T00:00:00Z by "admin" with MS VC++ 17.12 (VS2022)

END.
